<html>
<body>
<pre>
<h1>µVision Build Log</h1>
<h2>Tool Versions:</h2>
IDE-Version: ¦ÌVision V5.18.0.0
Copyright (C) 2016 ARM Ltd and ARM Germany GmbH. All rights reserved.
License Information: Yugu Cat, none, LIC=----
 
Tool Versions:
Toolchain:       MDK-Lite  Version: 5.18
Toolchain Path:  D:\Program Files\Keil_v5\ARM\ARMCC\Bin
C Compiler:      Armcc.exe V5.06 update 1 (build 61)
Assembler:       Armasm.exe V5.06 update 1 (build 61)
Linker/Locator:  ArmLink.exe V5.06 update 1 (build 61)
Library Manager: ArmAr.exe V5.06 update 1 (build 61)
Hex Converter:   FromElf.exe V5.06 update 1 (build 61)
CPU DLL:         SARMCM3.DLL V5.18
Dialog DLL:      DCM.DLL V1.13.6.0
Target DLL:      lmidk-agdi.dll V???
Dialog DLL:      TCM.DLL V1.14.8.0
 
<h2>Project:</h2>
E:\Embedded\ClassProjects\FINAL\final.uvprojx
Project File Date:  05/27/2025

<h2>Output:</h2>
*** Using Compiler 'V5.06 update 1 (build 61)', folder: 'D:\Program Files\Keil_v5\ARM\ARMCC\Bin'
Build target 'Target 1'
compiling main.c...
main.c(115): warning:  #1295-D: Deprecated declaration KeyFunctionExecute - give arg types
  void        KeyFunctionExecute();
main.c(269): warning:  #550-D: variable "result" was set but never used
  	uint8_t result;
main.c(338): warning:  #550-D: variable "rop" was set but never used
  	uint8_t value,rop;
main.c(377): warning:  #167-D: argument of type "unsigned char *" is incompatible with parameter of type "char *"
  				formatDateTime(DateTimeString,&currentDateTime);
main.c(378): warning:  #167-D: argument of type "unsigned char *" is incompatible with parameter of type "const char *"
          FlowingStringToSeg7(DateTimeString, Seg7Display, strlen(DateTimeString));
main.c(378): warning:  #167-D: argument of type "unsigned char *" is incompatible with parameter of type "const char *"
          FlowingStringToSeg7(DateTimeString, Seg7Display, strlen(DateTimeString));
main.c(534): warning:  #177-D: variable "i" was declared but never referenced
      uint8_t i;
main.c(798): warning:  #167-D: argument of type "unsigned char *" is incompatible with parameter of type "const char *"
                      StringToSeg7(DateStringToSet, Seg7Display);
main.c(811): warning:  #167-D: argument of type "unsigned char *" is incompatible with parameter of type "const char *"
                      StringToSeg7(TimeStringToSet, Seg7Display);
main.c(823): warning:  #167-D: argument of type "unsigned char *" is incompatible with parameter of type "const char *"
                      StringToSeg7(TimeStringToSet, Seg7Display);
main.c(894): warning:  #167-D: argument of type "unsigned char *" is incompatible with parameter of type "const char *"
                      StringToSeg7(DateStringToSet, Seg7Display);
main.c(908): warning:  #167-D: argument of type "unsigned char *" is incompatible with parameter of type "const char *"
                      StringToSeg7(TimeStringToSet, Seg7Display);
main.c(926): warning:  #167-D: argument of type "unsigned char *" is incompatible with parameter of type "const char *"
                      StringToSeg7(DateStringToSet, Seg7Display);
main.c(939): warning:  #167-D: argument of type "unsigned char *" is incompatible with parameter of type "const char *"
                      StringToSeg7(TimeStringToSet, Seg7Display);
main.c(1093): warning:  #1-D: last line of file ends without a newline
  }
main.c: 15 warnings, 0 errors
linking...
Program Size: Code=11940 RO-data=2252 RW-data=188 ZI-data=1140  
FromELF: creating hex file...
".\Objects\exp1.axf" - 0 Error(s), 15 Warning(s).

<h2>Software Packages used:</h2>

Package Vendor: ARM
                http://www.keil.com/pack/ARM.CMSIS.5.0.0.pack
                ARM::CMSIS:CORE:5.0.0
                CMSIS (Cortex Microcontroller Software Interface Standard)
   * Component: CORE Version: 5.0.0

Package Vendor: Keil
                http://www.keil.com/pack/Keil.TM4C_DFP.1.1.0.pack
                Keil::Device:Startup:1.0.0
                Texas Instruments Tiva C Series Device Support and Examples
   * Component: Startup Version: 1.0.0

<h2>Collection of Component include folders:</h2>
  E:\Embedded\ClassProjects\FINAL\RTE
  D:\Program Files\Keil_v5\ARM\PACK\ARM\CMSIS\5.0.0\CMSIS\Include
  D:\Program Files\Keil_v5\ARM\PACK\Keil\TM4C_DFP\1.1.0\Device\Include\TM4C129

<h2>Collection of Component Files used:</h2>

   * Component: ARM::CMSIS:CORE:5.0.0

   * Component: Keil::Device:Startup:1.0.0
      Source file:   Device\Source\ARM\startup_TM4C129.s
      Source file:   Device\Source\system_TM4C129.c
      Include file:  Device\Include\TM4C129\TM4C129.h
Build Time Elapsed:  00:00:00
</pre>
</body>
</html>
