Component: ARM Compiler 5.06 update 1 (build 61) Tool: armlink [4d35a8]

==============================================================================

Section Cross References

    main.o(i.CharToSeg7) refers to main.o(.data) for seg7
    main.o(i.DeviceInit) refers to sysctl.o(i.SysCtlClockFreqSet) for SysCtlClockFreqSet
    main.o(i.DeviceInit) refers to main.o(i.S800_GPIO_Init) for S800_GPIO_Init
    main.o(i.DeviceInit) refers to main.o(i.S800_I2C0_Init) for S800_I2C0_Init
    main.o(i.DeviceInit) refers to main.o(i.S800_UART_Init) for S800_UART_Init
    main.o(i.DeviceInit) refers to main.o(i.S800_PWM_Init) for S800_PWM_Init
    main.o(i.DeviceInit) refers to systick.o(i.SysTickPeriodSet) for SysTickPeriodSet
    main.o(i.DeviceInit) refers to uart.o(i.UARTIntEnable) for UARTIntEnable
    main.o(i.DeviceInit) refers to interrupt.o(i.IntEnable) for IntEnable
    main.o(i.DeviceInit) refers to systick.o(i.SysTickEnable) for SysTickEnable
    main.o(i.DeviceInit) refers to systick.o(i.SysTickIntEnable) for SysTickIntEnable
    main.o(i.DeviceInit) refers to interrupt.o(i.IntMasterEnable) for IntMasterEnable
    main.o(i.DeviceInit) refers to main.o(.data) for ui32SysClock
    main.o(i.ExecDisabledState) refers to main.o(i.I2C0_WriteByte) for I2C0_WriteByte
    main.o(i.ExecDisabledState) refers to main.o(.data) for i2c_flash_cnt
    main.o(i.ExecErrorState) refers to main.o(i.I2C0_WriteByte) for I2C0_WriteByte
    main.o(i.ExecErrorState) refers to main.o(.data) for i2c_flash_cnt
    main.o(i.ExecFlowingState) refers to main.o(i.I2C0_WriteByte) for I2C0_WriteByte
    main.o(i.ExecFlowingState) refers to main.o(.data) for i2c_flash_cnt
    main.o(i.ExecSetAlarmState) refers to main.o(i.I2C0_WriteByte) for I2C0_WriteByte
    main.o(i.ExecSetAlarmState) refers to main.o(.data) for i2c_flash_cnt
    main.o(i.ExecSetDateState) refers to main.o(i.I2C0_WriteByte) for I2C0_WriteByte
    main.o(i.ExecSetDateState) refers to main.o(.data) for i2c_flash_cnt
    main.o(i.ExecSetTimeState) refers to main.o(i.I2C0_WriteByte) for I2C0_WriteByte
    main.o(i.ExecSetTimeState) refers to main.o(.data) for i2c_flash_cnt
    main.o(i.ExecState) refers to main.o(i.StartProcess) for StartProcess
    main.o(i.ExecState) refers to main.o(i.ExecFlowingState) for ExecFlowingState
    main.o(i.ExecState) refers to main.o(i.ExecDisabledState) for ExecDisabledState
    main.o(i.ExecState) refers to main.o(i.ExecSetDateState) for ExecSetDateState
    main.o(i.ExecState) refers to main.o(i.ExecSetTimeState) for ExecSetTimeState
    main.o(i.ExecState) refers to main.o(i.ExecSetAlarmState) for ExecSetAlarmState
    main.o(i.ExecState) refers to main.o(i.ExecErrorState) for ExecErrorState
    main.o(i.ExecState) refers to main.o(.data) for CurrentState
    main.o(i.FlowingStringToSeg7) refers to main.o(i.CharToSeg7) for CharToSeg7
    main.o(i.FlowingStringToSeg7) refers to main.o(.data) for flow_index
    main.o(i.I2C0_ReadByte) refers to i2c.o(i.I2CMasterBusy) for I2CMasterBusy
    main.o(i.I2C0_ReadByte) refers to i2c.o(i.I2CMasterSlaveAddrSet) for I2CMasterSlaveAddrSet
    main.o(i.I2C0_ReadByte) refers to i2c.o(i.I2CMasterDataPut) for I2CMasterDataPut
    main.o(i.I2C0_ReadByte) refers to i2c.o(i.I2CMasterControl) for I2CMasterControl
    main.o(i.I2C0_ReadByte) refers to i2c.o(i.I2CMasterBusBusy) for I2CMasterBusBusy
    main.o(i.I2C0_ReadByte) refers to i2c.o(i.I2CMasterErr) for I2CMasterErr
    main.o(i.I2C0_ReadByte) refers to main.o(i.Delay) for Delay
    main.o(i.I2C0_ReadByte) refers to i2c.o(i.I2CMasterDataGet) for I2CMasterDataGet
    main.o(i.I2C0_WriteByte) refers to i2c.o(i.I2CMasterBusy) for I2CMasterBusy
    main.o(i.I2C0_WriteByte) refers to i2c.o(i.I2CMasterSlaveAddrSet) for I2CMasterSlaveAddrSet
    main.o(i.I2C0_WriteByte) refers to i2c.o(i.I2CMasterDataPut) for I2CMasterDataPut
    main.o(i.I2C0_WriteByte) refers to i2c.o(i.I2CMasterControl) for I2CMasterControl
    main.o(i.I2C0_WriteByte) refers to i2c.o(i.I2CMasterErr) for I2CMasterErr
    main.o(i.Interval_100ms_Handler) refers to strlen.o(.text) for strlen
    main.o(i.Interval_100ms_Handler) refers to main.o(i.FlowingStringToSeg7) for FlowingStringToSeg7
    main.o(i.Interval_100ms_Handler) refers to main.o(.data) for systick_100ms_status
    main.o(i.Interval_10ms_Handler) refers to main.o(i.KeyPressHandler) for KeyPressHandler
    main.o(i.Interval_10ms_Handler) refers to gpio.o(i.GPIOPinWrite) for GPIOPinWrite
    main.o(i.Interval_10ms_Handler) refers to main.o(.data) for systick_10ms_status
    main.o(i.Interval_1s_Handler) refers to main.o(.data) for systick_1s_status
    main.o(i.Interval_500ms_Handler) refers to pwm.o(i.PWMOutputState) for PWMOutputState
    main.o(i.Interval_500ms_Handler) refers to pwm.o(i.PWMGenEnable) for PWMGenEnable
    main.o(i.Interval_500ms_Handler) refers to pwm.o(i.PWMGenDisable) for PWMGenDisable
    main.o(i.Interval_500ms_Handler) refers to main.o(.data) for systick_500ms_status
[...]
    ../clib/printf_percent.s                 0x00000000   Number         0  _printf_percent.o ABSOLUTE
    ../clib/printf_percent.s                 0x00000000   Number         0  _printf_percent_end.o ABSOLUTE
    ../clib/printf_percent.s                 0x00000000   Number         0  _printf_d.o ABSOLUTE
    ../clib/scanf.c                          0x00000000   Number         0  _scanf.o ABSOLUTE
    ../clib/scanf.c                          0x00000000   Number         0  _sgetc.o ABSOLUTE
    ../clib/scanf.c                          0x00000000   Number         0  _strtoul.o ABSOLUTE
    ../clib/scanf.c                          0x00000000   Number         0  _chval.o ABSOLUTE
    ../clib/scanf.c                          0x00000000   Number         0  scanf_char.o ABSOLUTE
    ../clib/scanf.c                          0x00000000   Number         0  atoi.o ABSOLUTE
    ../clib/scanf.c                          0x00000000   Number         0  _scanf_str.o ABSOLUTE
    ../clib/scanf.c                          0x00000000   Number         0  strtol.o ABSOLUTE
    ../clib/scanf.c                          0x00000000   Number         0  _scanf_int.o ABSOLUTE
    ../clib/scanf.c                          0x00000000   Number         0  __0sscanf.o ABSOLUTE
    ../clib/signal.c                         0x00000000   Number         0  defsig_cppl_inner.o ABSOLUTE
    ../clib/signal.c                         0x00000000   Number         0  defsig_pvfn_inner.o ABSOLUTE
    ../clib/signal.c                         0x00000000   Number         0  defsig_stak_inner.o ABSOLUTE
    ../clib/signal.c                         0x00000000   Number         0  defsig_rtred_inner.o ABSOLUTE
    ../clib/signal.c                         0x00000000   Number         0  defsig_fpe_inner.o ABSOLUTE
    ../clib/signal.c                         0x00000000   Number         0  defsig_general.o ABSOLUTE
    ../clib/signal.c                         0x00000000   Number         0  __raise.o ABSOLUTE
    ../clib/signal.c                         0x00000000   Number         0  defsig_rtmem_inner.o ABSOLUTE
    ../clib/signal.c                         0x00000000   Number         0  defsig_exit.o ABSOLUTE
    ../clib/signal.c                         0x00000000   Number         0  defsig_abrt_inner.o ABSOLUTE
    ../clib/signal.c                         0x00000000   Number         0  defsig_rtmem_formal.o ABSOLUTE
    ../clib/signal.c                         0x00000000   Number         0  defsig_rtmem_outer.o ABSOLUTE
    ../clib/signal.c                         0x00000000   Number         0  defsig_segv_inner.o ABSOLUTE
    ../clib/signal.c                         0x00000000   Number         0  defsig_other.o ABSOLUTE
    ../clib/signal.s                         0x00000000   Number         0  defsig.o ABSOLUTE
    ../clib/stdlib.c                         0x00000000   Number         0  exit.o ABSOLUTE
    ../clib/string.c                         0x00000000   Number         0  strtok.o ABSOLUTE
    ../clib/string.c                         0x00000000   Number         0  strtok_int.o ABSOLUTE
    ../clib/string.c                         0x00000000   Number         0  strspn.o ABSOLUTE
    ../clib/string.c                         0x00000000   Number         0  strcspn.o ABSOLUTE
    ../clib/string.c                         0x00000000   Number         0  strcpy.o ABSOLUTE
    ../clib/string.c                         0x00000000   Number         0  strlen.o ABSOLUTE
    ../fplib/fpinit.s                        0x00000000   Number         0  fpinit.o ABSOLUTE
    RTE\Device\TM4C1294NCPDT\startup_TM4C129.s 0x00000000   Number         0  startup_tm4c129.o ABSOLUTE
    RTE\Device\TM4C1294NCPDT\system_TM4C129.c 0x00000000   Number         0  system_tm4c129.o ABSOLUTE
    RTE\\Device\\TM4C1294NCPDT\\system_TM4C129.c 0x00000000   Number         0  system_tm4c129.o ABSOLUTE
    cpu.c                                    0x00000000   Number         0  cpu.o ABSOLUTE
    cpu.c                                    0x00000000   Number         0  cpu.o ABSOLUTE
    dc.s                                     0x00000000   Number         0  dc.o ABSOLUTE
    gpio.c                                   0x00000000   Number         0  gpio.o ABSOLUTE
    i2c.c                                    0x00000000   Number         0  i2c.o ABSOLUTE
    interrupt.c                              0x00000000   Number         0  interrupt.o ABSOLUTE
    main.c                                   0x00000000   Number         0  main.o ABSOLUTE
    pwm.c                                    0x00000000   Number         0  pwm.o ABSOLUTE
    sysctl.c                                 0x00000000   Number         0  sysctl.o ABSOLUTE
    sysctl.c                                 0x00000000   Number         0  sysctl.o ABSOLUTE
    systick.c                                0x00000000   Number         0  systick.o ABSOLUTE
    uart.c                                   0x00000000   Number         0  uart.o ABSOLUTE
    !!!main                                  0x00000200   Section        8  __main.o(!!!main)
    !!!scatter                               0x00000208   Section       52  __scatter.o(!!!scatter)
    !!handler_copy                           0x0000023c   Section       26  __scatter_copy.o(!!handler_copy)
    !!handler_zi                             0x00000258   Section       28  __scatter_zi.o(!!handler_zi)
    .ARM.Collect$$_printf_percent$$00000000  0x00000274   Section        0  _printf_percent.o(.ARM.Collect$$_printf_percent$$00000000)
    .ARM.Collect$$_printf_percent$$00000009  0x00000274   Section        6  _printf_d.o(.ARM.Collect$$_printf_percent$$00000009)
    .ARM.Collect$$_printf_percent$$00000017  0x0000027a   Section        4  _printf_percent_end.o(.ARM.Collect$$_printf_percent$$00000017)
    .ARM.Collect$$libinit$$00000000          0x0000027e   Section        2  libinit.o(.ARM.Collect$$libinit$$00000000)
    .ARM.Collect$$libinit$$00000001          0x00000280   Section        4  libinit2.o(.ARM.Collect$$libinit$$00000001)
    .ARM.Collect$$libinit$$00000004          0x00000284   Section        0  libinit2.o(.ARM.Collect$$libinit$$00000004)
    .ARM.Collect$$libinit$$0000000A          0x00000284   Section        0  libinit2.o(.ARM.Collect$$libinit$$0000000A)
    .ARM.Collect$$libinit$$0000000C          0x00000284   Section        0  libinit2.o(.ARM.Collect$$libinit$$0000000C)
    .ARM.Collect$$libinit$$0000000E          0x00000284   Section        0  libinit2.o(.ARM.Collect$$libinit$$0000000E)
    .ARM.Collect$$libinit$$0000000F          0x00000284   Section        6  libinit2.o(.ARM.Collect$$libinit$$0000000F)
    .ARM.Collect$$libinit$$00000011          0x0000028a   Section        0  libinit2.o(.ARM.Collect$$libinit$$00000011)
    .ARM.Collect$$libinit$$00000012          0x0000028a   Section       12  libinit2.o(.ARM.Collect$$libinit$$00000012)
    .ARM.Collect$$libinit$$00000013          0x00000296   Section        0  libinit2.o(.ARM.Collect$$libinit$$00000013)
    .ARM.Collect$$libinit$$00000015          0x00000296   Section        0  libinit2.o(.ARM.Collect$$libinit$$00000015)
    .ARM.Collect$$libinit$$00000017          0x00000296   Section        0  libinit2.o(.ARM.Collect$$libinit$$00000017)
    .ARM.Collect$$libinit$$00000019          0x00000296   Section        0  libinit2.o(.ARM.Collect$$libinit$$00000019)
    .ARM.Collect$$libinit$$0000001B          0x00000296   Section        0  libinit2.o(.ARM.Collect$$libinit$$0000001B)
    .ARM.Collect$$libinit$$0000001D          0x00000296   Section        0  libinit2.o(.ARM.Collect$$libinit$$0000001D)
    .ARM.Collect$$libinit$$0000001F          0x00000296   Section        0  libinit2.o(.ARM.Collect$$libinit$$0000001F)
    .ARM.Collect$$libinit$$00000021          0x00000296   Section        0  libinit2.o(.ARM.Collect$$libinit$$00000021)
    .ARM.Collect$$libinit$$00000023          0x00000296   Section        0  libinit2.o(.ARM.Collect$$libinit$$00000023)
    .ARM.Collect$$libinit$$00000025          0x00000296   Section        0  libinit2.o(.ARM.Collect$$libinit$$00000025)
    .ARM.Collect$$libinit$$0000002C          0x00000296   Section        0  libinit2.o(.ARM.Collect$$libinit$$0000002C)
    .ARM.Collect$$libinit$$0000002E          0x00000296   Section        0  libinit2.o(.ARM.Collect$$libinit$$0000002E)
    .ARM.Collect$$libinit$$00000030          0x00000296   Section        0  libinit2.o(.ARM.Collect$$libinit$$00000030)
    .ARM.Collect$$libinit$$00000032          0x00000296   Section        0  libinit2.o(.ARM.Collect$$libinit$$00000032)
    .ARM.Collect$$libinit$$00000033          0x00000296   Section        2  libinit2.o(.ARM.Collect$$libinit$$00000033)
    .ARM.Collect$$libshutdown$$00000000      0x00000298   Section        2  libshutdown.o(.ARM.Collect$$libshutdown$$00000000)
    .ARM.Collect$$libshutdown$$00000002      0x0000029a   Section        0  libshutdown2.o(.ARM.Collect$$libshutdown$$00000002)
    .ARM.Collect$$libshutdown$$00000004      0x0000029a   Section        0  libshutdown2.o(.ARM.Collect$$libshutdown$$00000004)
    .ARM.Collect$$libshutdown$$00000007      0x0000029a   Section        0  libshutdown2.o(.ARM.Collect$$libshutdown$$00000007)
    .ARM.Collect$$libshutdown$$0000000A      0x0000029a   Section        0  libshutdown2.o(.ARM.Collect$$libshutdown$$0000000A)
    .ARM.Collect$$libshutdown$$0000000C      0x0000029a   Section        0  libshutdown2.o(.ARM.Collect$$libshutdown$$0000000C)
    .ARM.Collect$$libshutdown$$0000000F      0x0000029a   Section        0  libshutdown2.o(.ARM.Collect$$libshutdown$$0000000F)
    .ARM.Collect$$libshutdown$$00000010      0x0000029a   Section        2  libshutdown2.o(.ARM.Collect$$libshutdown$$00000010)
    .ARM.Collect$$rtentry$$00000000          0x0000029c   Section        0  __rtentry.o(.ARM.Collect$$rtentry$$00000000)
    .ARM.Collect$$rtentry$$00000002          0x0000029c   Section        0  __rtentry2.o(.ARM.Collect$$rtentry$$00000002)
    .ARM.Collect$$rtentry$$00000004          0x0000029c   Section        6  __rtentry4.o(.ARM.Collect$$rtentry$$00000004)
    .ARM.Collect$$rtentry$$00000009          0x000002a2   Section        0  __rtentry2.o(.ARM.Collect$$rtentry$$00000009)
    .ARM.Collect$$rtentry$$0000000A          0x000002a2   Section        4  __rtentry2.o(.ARM.Collect$$rtentry$$0000000A)
    .ARM.Collect$$rtentry$$0000000C          0x000002a6   Section        0  __rtentry2.o(.ARM.Collect$$rtentry$$0000000C)
    .ARM.Collect$$rtentry$$0000000D          0x000002a6   Section        8  __rtentry2.o(.ARM.Collect$$rtentry$$0000000D)
    .ARM.Collect$$rtexit$$00000000           0x000002ae   Section        2  rtexit.o(.ARM.Collect$$rtexit$$00000000)
    .ARM.Collect$$rtexit$$00000002           0x000002b0   Section        0  rtexit2.o(.ARM.Collect$$rtexit$$00000002)
    .ARM.Collect$$rtexit$$00000003           0x000002b0   Section        4  rtexit2.o(.ARM.Collect$$rtexit$$00000003)
    .ARM.Collect$$rtexit$$00000004           0x000002b4   Section        6  rtexit2.o(.ARM.Collect$$rtexit$$00000004)
    .emb_text                                0x000002bc   Section       38  cpu.o(.emb_text)
    $v0                                      0x000002bc   Number         0  cpu.o(.emb_text)
    .text                                    0x000002e4   Section      300  startup_tm4c129.o(.text)
    $v0                                      0x000002e4   Number         0  startup_tm4c129.o(.text)
    .text                                    0x00000410   Section        0  noretval__2sprintf.o(.text)
    .text                                    0x00000438   Section        0  noretval__2snprintf.o(.text)
    .text                                    0x0000046c   Section        0  _printf_pad.o(.text)
    .text                                    0x000004bc   Section        0  _printf_dec.o(.text)
    .text                                    0x00000534   Section        0  __printf_flags_wp.o(.text)
    .text                                    0x0000066c   Section        0  atoi.o(.text)
    .text                                    0x00000688   Section        0  strtok.o(.text)
    .text                                    0x00000694   Section        0  strcpy.o(.text)
    .text                                    0x000006dc   Section        0  strlen.o(.text)
    .text                                    0x0000071a   Section       68  rt_memclr.o(.text)
    .text                                    0x0000075e   Section       86  strncpy.o(.text)
    .text                                    0x000007b4   Section      128  strcmpv7m.o(.text)
    .text                                    0x00000834   Section        0  heapauxi.o(.text)
    .text                                    0x0000083c   Section        8  rt_errno_addr_intlibspace.o(.text)
    .text                                    0x00000844   Section        0  _printf_intcommon.o(.text)
    .text                                    0x000008f8   Section        0  _printf_char_common.o(.text)
    _printf_input_char                       0x000008f9   Thumb Code    10  _printf_char_common.o(.text)
    .text                                    0x00000928   Section        0  _sputc.o(.text)
    .text                                    0x00000932   Section        0  _snputc.o(.text)
    .text                                    0x00000942   Section        0  _chval.o(.text)
    .text                                    0x0000095e   Section        0  strtol.o(.text)
    .text                                    0x000009d0   Section        0  strtok_int.o(.text)
    .text                                    0x00000a14   Section       78  rt_memclr_w.o(.text)
    .text                                    0x00000a64   Section        8  libspace.o(.text)
    .text                                    0x00000a6c   Section       16  rt_ctype_table.o(.text)
    .text                                    0x00000a7c   Section        0  _strtoul.o(.text)
    .text                                    0x00000b1a   Section        0  strcspn.o(.text)
    .text                                    0x00000b3a   Section        0  strspn.o(.text)
    .text                                    0x00000b56   Section       74  sys_stackheap_outer.o(.text)
    .text                                    0x00000ba0   Section        8  rt_locale_intlibspace.o(.text)
    .text                                    0x00000ba8   Section        0  exit.o(.text)
    .text                                    0x00000bbc   Section        0  sys_exit.o(.text)
    .text                                    0x00000bc8   Section        2  use_no_semi.o(.text)
    .text                                    0x00000bca   Section        0  indicate_semi.o(.text)
    i.CharToSeg7                             0x00000bcc   Section        0  main.o(i.CharToSeg7)
    i.Delay                                  0x00000c40   Section        0  main.o(i.Delay)
    i.DeviceInit                             0x00000c4c   Section        0  main.o(i.DeviceInit)
    i.ExecDisabledState                      0x00000ca8   Section        0  main.o(i.ExecDisabledState)
    i.ExecErrorState                         0x00000d08   Section        0  main.o(i.ExecErrorState)
    i.ExecFlowingState                       0x00000da8   Section        0  main.o(i.ExecFlowingState)
    i.ExecSetAlarmState                      0x00000e54   Section        0  main.o(i.ExecSetAlarmState)
    i.ExecSetDateState                       0x00000f00   Section        0  main.o(i.ExecSetDateState)
    i.ExecSetTimeState                       0x00000fac   Section        0  main.o(i.ExecSetTimeState)
    i.ExecState                              0x00001058   Section        0  main.o(i.ExecState)
    i.FlowingStringToSeg7                    0x000010a4   Section        0  main.o(i.FlowingStringToSeg7)
    i.GPIODirModeSet                         0x00001154   Section        0  gpio.o(i.GPIODirModeSet)
    i.GPIOPadConfigSet                       0x0000117c   Section        0  gpio.o(i.GPIOPadConfigSet)
    i.GPIOPinConfigure                       0x000012b4   Section        0  gpio.o(i.GPIOPinConfigure)
    i.GPIOPinTypeGPIOInput                   0x000012f8   Section        0  gpio.o(i.GPIOPinTypeGPIOInput)
    i.GPIOPinTypeGPIOOutput                  0x00001314   Section        0  gpio.o(i.GPIOPinTypeGPIOOutput)
    i.GPIOPinTypeI2C                         0x00001330   Section        0  gpio.o(i.GPIOPinTypeI2C)
    i.GPIOPinTypeI2CSCL                      0x0000134c   Section        0  gpio.o(i.GPIOPinTypeI2CSCL)
    i.GPIOPinTypePWM                         0x00001368   Section        0  gpio.o(i.GPIOPinTypePWM)
    i.GPIOPinTypeUART                        0x00001384   Section        0  gpio.o(i.GPIOPinTypeUART)
    i.GPIOPinWrite                           0x000013a0   Section        0  gpio.o(i.GPIOPinWrite)
    i.I2C0_ReadByte                          0x000013a8   Section        0  main.o(i.I2C0_ReadByte)
    i.I2C0_WriteByte                         0x00001428   Section        0  main.o(i.I2C0_WriteByte)
    i.I2CMasterBusBusy                       0x0000149c   Section        0  i2c.o(i.I2CMasterBusBusy)
    i.I2CMasterBusy                          0x000014a8   Section        0  i2c.o(i.I2CMasterBusy)
    i.I2CMasterControl                       0x000014b4   Section        0  i2c.o(i.I2CMasterControl)
    i.I2CMasterDataGet                       0x000014b8   Section        0  i2c.o(i.I2CMasterDataGet)
    i.I2CMasterDataPut                       0x000014bc   Section        0  i2c.o(i.I2CMasterDataPut)
    i.I2CMasterEnable                        0x000014c0   Section        0  i2c.o(i.I2CMasterEnable)
    i.I2CMasterErr                           0x000014ca   Section        0  i2c.o(i.I2CMasterErr)
    i.I2CMasterInitExpClk                    0x000014e4   Section        0  i2c.o(i.I2CMasterInitExpClk)
    i.I2CMasterSlaveAddrSet                  0x00001538   Section        0  i2c.o(i.I2CMasterSlaveAddrSet)
    i.IntEnable                              0x00001540   Section        0  interrupt.o(i.IntEnable)
    i.IntMasterEnable                        0x000015a4   Section        0  interrupt.o(i.IntMasterEnable)
    i.IntPrioritySet                         0x000015b4   Section        0  interrupt.o(i.IntPrioritySet)
    i.Interval_100ms_Handler                 0x000015dc   Section        0  main.o(i.Interval_100ms_Handler)
    i.Interval_10ms_Handler                  0x0000169c   Section        0  main.o(i.Interval_10ms_Handler)
    i.Interval_1s_Handler                    0x000016cc   Section        0  main.o(i.Interval_1s_Handler)
    i.Interval_500ms_Handler                 0x0000172c   Section        0  main.o(i.Interval_500ms_Handler)
    i.KeyFunctionExecute                     0x000017d4   Section        0  main.o(i.KeyFunctionExecute)
    i.KeyPressHandler                        0x00001d40   Section        0  main.o(i.KeyPressHandler)
    i.PWMClockSet                            0x00001dd8   Section        0  pwm.o(i.PWMClockSet)
    i.PWMGenConfigure                        0x00001dec   Section        0  pwm.o(i.PWMGenConfigure)
    i.PWMGenDisable                          0x00001e12   Section        0  pwm.o(i.PWMGenDisable)
    i.PWMGenEnable                           0x00001e1c   Section        0  pwm.o(i.PWMGenEnable)
    i.PWMGenPeriodSet                        0x00001e26   Section        0  pwm.o(i.PWMGenPeriodSet)
    i.PWMOutputState                         0x00001e38   Section        0  pwm.o(i.PWMOutputState)
    i.PWMPulseWidthSet                       0x00001e48   Section        0  pwm.o(i.PWMPulseWidthSet)
    i.S800_GPIO_Init                         0x00001e68   Section        0  main.o(i.S800_GPIO_Init)
    i.S800_I2C0_Init                         0x00001ee0   Section        0  main.o(i.S800_I2C0_Init)
    i.S800_PWM_Init                          0x00001f78   Section        0  main.o(i.S800_PWM_Init)
    i.S800_UART_Init                         0x00002004   Section        0  main.o(i.S800_UART_Init)
    i.Seg7DisableAll                         0x0000207c   Section        0  main.o(i.Seg7DisableAll)
    i.Seg7DisplayBlocked                     0x000020e4   Section        0  main.o(i.Seg7DisplayBlocked)
    i.Seg7EnableAll                          0x000021a0   Section        0  main.o(i.Seg7EnableAll)
    i.StartProcess                           0x000021c8   Section        0  main.o(i.StartProcess)
    i.StringToSeg7                           0x0000226c   Section        0  main.o(i.StringToSeg7)
    i.SysCtlClockFreqSet                     0x000022e4   Section        0  sysctl.o(i.SysCtlClockFreqSet)
    i.SysCtlPeripheralEnable                 0x000025d0   Section        0  sysctl.o(i.SysCtlPeripheralEnable)
    i.SysCtlPeripheralReady                  0x000025f8   Section        0  sysctl.o(i.SysCtlPeripheralReady)
    i.SysTickEnable                          0x00002624   Section        0  systick.o(i.SysTickEnable)
    i.SysTickIntEnable                       0x00002632   Section        0  systick.o(i.SysTickIntEnable)
    i.SysTickPeriodSet                       0x00002640   Section        0  systick.o(i.SysTickPeriodSet)
    i.SysTick_Handler                        0x0000264c   Section        0  main.o(i.SysTick_Handler)
    i.SystemInit                             0x00002740   Section        0  system_tm4c129.o(i.SystemInit)
    i.UART0_Handler                          0x00002760   Section        0  main.o(i.UART0_Handler)
    i.UARTBusy                               0x00002828   Section        0  uart.o(i.UARTBusy)
    i.UARTCharGetNonBlocking                 0x00002830   Section        0  uart.o(i.UARTCharGetNonBlocking)
    i.UARTCharPut                            0x00002840   Section        0  uart.o(i.UARTCharPut)
    i.UARTCharsAvail                         0x0000284c   Section        0  uart.o(i.UARTCharsAvail)
    i.UARTConfigSetExpClk                    0x00002856   Section        0  uart.o(i.UARTConfigSetExpClk)
    i.UARTIntClear                           0x000028c4   Section        0  uart.o(i.UARTIntClear)
    i.UARTIntEnable                          0x000028c8   Section        0  uart.o(i.UARTIntEnable)
    i.UARTIntStatus                          0x000028d0   Section        0  uart.o(i.UARTIntStatus)
    i.UARTStringPut                          0x000028dc   Section        0  main.o(i.UARTStringPut)
    i._is_digit                              0x00002910   Section        0  __printf_wp.o(i._is_digit)
    i.formatDateTime                         0x00002920   Section        0  main.o(i.formatDateTime)
    i.getDaysInMonth                         0x00002964   Section        0  main.o(i.getDaysInMonth)
    i.handleCommand                          0x000029b4   Section        0  main.o(i.handleCommand)
    i.main                                   0x00002f70   Section        0  main.o(i.main)
    i.makeDateTime                           0x00002fd4   Section        0  main.o(i.makeDateTime)
    i.to_upper                               0x00002fea   Section        0  main.o(i.to_upper)
    i.updateTime                             0x0000300c   Section        0  main.o(i.updateTime)
    locale$$code                             0x0000306c   Section       44  lc_ctype_c.o(locale$$code)
    x$fpl$fpinit                             0x00003098   Section       10  fpinit.o(x$fpl$fpinit)
    $v0                                      0x00003098   Number         0  fpinit.o(x$fpl$fpinit)
    .constdata                               0x000030a4   Section      552  gpio.o(.constdata)
    g_ppui32GPIOIntMapBlizzard               0x000030a4   Data         192  gpio.o(.constdata)
    g_ppui32GPIOIntMapSnowflake              0x00003164   Data         216  gpio.o(.constdata)
    g_pui32GPIOBaseAddrs                     0x0000323c   Data         144  gpio.o(.constdata)
    .constdata                               0x000032cc   Section      268  interrupt.o(.constdata)
    g_pui32Priority                          0x000032cc   Data          32  interrupt.o(.constdata)
    g_pui32Regs                              0x000032ec   Data         156  interrupt.o(.constdata)
    g_pui32EnRegs                            0x00003388   Data          20  interrupt.o(.constdata)
    g_pui32Dii16Regs                         0x0000339c   Data          20  interrupt.o(.constdata)
    g_pui32PendRegs                          0x000033b0   Data          20  interrupt.o(.constdata)
    g_pui32UnpendRegs                        0x000033c4   Data          20  interrupt.o(.constdata)
    .constdata                               0x000033d8   Section      596  sysctl.o(.constdata)
    g_pui32VCOFrequencies                    0x000033d8   Data           8  sysctl.o(.constdata)
    g_pui32Xtals                             0x000033e0   Data         108  sysctl.o(.constdata)
    g_pppui32XTALtoVCO                       0x0000344c   Data         432  sysctl.o(.constdata)
    g_sXTALtoMEMTIM                          0x000035fc   Data          48  sysctl.o(.constdata)
    .constdata                               0x0000362c   Section       17  __printf_flags_wp.o(.constdata)
    maptable                                 0x0000362c   Data          17  __printf_flags_wp.o(.constdata)
    locale$$data                             0x00003660   Section      272  lc_ctype_c.o(locale$$data)
    __lcctype_c_name                         0x00003664   Data           2  lc_ctype_c.o(locale$$data)
    __lcctype_c_start                        0x0000366c   Data           0  lc_ctype_c.o(locale$$data)
    __lcctype_c_end                          0x00003770   Data           0  lc_ctype_c.o(locale$$data)
    .data                                    0x20000000   Section      178  main.o(.data)
    bufferIndex                              0x200000b1   Data           1  main.o(.data)
    .data                                    0x200000b4   Section        4  system_tm4c129.o(.data)
    .data                                    0x200000b8   Section        4  strtok.o(.data)
    _strtok_saves1                           0x200000b8   Data           4  strtok.o(.data)
    .bss                                     0x200000bc   Section      528  main.o(.bss)
    buffer                                   0x200001cc   Data         256  main.o(.bss)
    .bss                                     0x200002cc   Section       96  libspace.o(.bss)
    HEAP                                     0x20000330   Section        0  startup_tm4c129.o(HEAP)
    STACK                                    0x20000330   Section      512  startup_tm4c129.o(STACK)
    Heap_Mem                                 0x20000330   Data           0  startup_tm4c129.o(HEAP)
    Stack_Mem                                0x20000330   Data         512  startup_tm4c129.o(STACK)
    __initial_sp                             0x20000530   Data           0  startup_tm4c129.o(STACK)

    Global Symbols

    Symbol Name                              Value     Ov Type        Size  Object(Section)

    BuildAttributes$$THM_ISAv4$E$P$D$K$B$S$7EM$VFPi3$EXTD16$VFPS$VFMA$PE$A:L22UL41UL21$X:L11$S22US41US21$IEEE1$IW$USESV6$~STKCKD$USESV7$~SHL$OTIME$ROPI$EBA8$UX$STANDARDLIB$REQ8$PRES8$EABIv2 0x00000000   Number         0  anon$$obj.o ABSOLUTE
    __ARM_use_no_argv                        0x00000000   Number         0  main.o ABSOLUTE
    __Vectors                                0x00000000   Data           4  startup_tm4c129.o(RESET)
    _printf_flags                            0x00000000   Number         0  printf_stubs.o ABSOLUTE
    _printf_return_value                     0x00000000   Number         0  printf_stubs.o ABSOLUTE
    _printf_sizespec                         0x00000000   Number         0  printf_stubs.o ABSOLUTE
    _printf_widthprec                        0x00000000   Number         0  printf_stubs.o ABSOLUTE
    __ARM_exceptions_init                     - Undefined Weak Reference
    __alloca_initialize                       - Undefined Weak Reference
    __arm_preinit_                            - Undefined Weak Reference
    __cpp_initialize__aeabi_                  - Undefined Weak Reference
    __cxa_finalize                            - Undefined Weak Reference
    __sigvec_lookup                           - Undefined Weak Reference
    _atexit_init                              - Undefined Weak Reference
    _call_atexit_fns                          - Undefined Weak Reference
    _clock_init                               - Undefined Weak Reference
    _fp_trap_init                             - Undefined Weak Reference
    _fp_trap_shutdown                         - Undefined Weak Reference
    _get_lc_collate                           - Undefined Weak Reference
    _get_lc_monetary                          - Undefined Weak Reference
    _get_lc_numeric                           - Undefined Weak Reference
    _get_lc_time                              - Undefined Weak Reference
    _getenv_init                              - Undefined Weak Reference
    _handle_redirection                       - Undefined Weak Reference
    _init_alloc                               - Undefined Weak Reference
    _init_user_alloc                          - Undefined Weak Reference
    _initio                                   - Undefined Weak Reference
    _printf_truncate_signed                   - Undefined Weak Reference
    _printf_truncate_unsigned                 - Undefined Weak Reference
    _rand_init                                - Undefined Weak Reference
    _scanf_longlong                           - Undefined Weak Reference
    _scanf_mbtowc                             - Undefined Weak Reference
    _scanf_real                               - Undefined Weak Reference
    _scanf_wctomb                             - Undefined Weak Reference
    _scanf_wstring                            - Undefined Weak Reference
    _signal_finish                            - Undefined Weak Reference
    _signal_init                              - Undefined Weak Reference
    _terminate_alloc                          - Undefined Weak Reference
    _terminate_user_alloc                     - Undefined Weak Reference
    _terminateio                              - Undefined Weak Reference
    __Vectors_End                            0x00000200   Data           0  startup_tm4c129.o(RESET)
    __Vectors_Size                           0x00000200   Number         0  startup_tm4c129.o ABSOLUTE
    __main                                   0x00000201   Thumb Code     8  __main.o(!!!main)
    __scatterload                            0x00000209   Thumb Code     0  __scatter.o(!!!scatter)
    __scatterload_rt2                        0x00000209   Thumb Code    44  __scatter.o(!!!scatter)
    __scatterload_rt2_thumb_only             0x00000209   Thumb Code     0  __scatter.o(!!!scatter)
    __scatterload_null                       0x00000217   Thumb Code     0  __scatter.o(!!!scatter)
    __scatterload_copy                       0x0000023d   Thumb Code    26  __scatter_copy.o(!!handler_copy)
    __scatterload_zeroinit                   0x00000259   Thumb Code    28  __scatter_zi.o(!!handler_zi)
    _printf_d                                0x00000275   Thumb Code     0  _printf_d.o(.ARM.Collect$$_printf_percent$$00000009)
    _printf_percent                          0x00000275   Thumb Code     0  _printf_percent.o(.ARM.Collect$$_printf_percent$$00000000)
    _printf_percent_end                      0x0000027b   Thumb Code     0  _printf_percent_end.o(.ARM.Collect$$_printf_percent$$00000017)
    __rt_lib_init                            0x0000027f   Thumb Code     0  libinit.o(.ARM.Collect$$libinit$$00000000)
    __rt_lib_init_fp_1                       0x00000281   Thumb Code     0  libinit2.o(.ARM.Collect$$libinit$$00000001)
    __rt_lib_init_heap_1                     0x00000285   Thumb Code     0  libinit2.o(.ARM.Collect$$libinit$$0000000A)
    __rt_lib_init_lc_common                  0x00000285   Thumb Code     0  libinit2.o(.ARM.Collect$$libinit$$0000000F)
    __rt_lib_init_preinit_1                  0x00000285   Thumb Code     0  libinit2.o(.ARM.Collect$$libinit$$00000004)
    __rt_lib_init_rand_1                     0x00000285   Thumb Code     0  libinit2.o(.ARM.Collect$$libinit$$0000000E)
    __rt_lib_init_user_alloc_1               0x00000285   Thumb Code     0  libinit2.o(.ARM.Collect$$libinit$$0000000C)
    __rt_lib_init_lc_collate_1               0x0000028b   Thumb Code     0  libinit2.o(.ARM.Collect$$libinit$$00000011)
    __rt_lib_init_lc_ctype_2                 0x0000028b   Thumb Code     0  libinit2.o(.ARM.Collect$$libinit$$00000012)
    __rt_lib_init_alloca_1                   0x00000297   Thumb Code     0  libinit2.o(.ARM.Collect$$libinit$$0000002E)
    __rt_lib_init_argv_1                     0x00000297   Thumb Code     0  libinit2.o(.ARM.Collect$$libinit$$0000002C)
    __rt_lib_init_atexit_1                   0x00000297   Thumb Code     0  libinit2.o(.ARM.Collect$$libinit$$0000001B)
    __rt_lib_init_clock_1                    0x00000297   Thumb Code     0  libinit2.o(.ARM.Collect$$libinit$$00000021)
    __rt_lib_init_cpp_1                      0x00000297   Thumb Code     0  libinit2.o(.ARM.Collect$$libinit$$00000032)
    __rt_lib_init_exceptions_1               0x00000297   Thumb Code     0  libinit2.o(.ARM.Collect$$libinit$$00000030)
    __rt_lib_init_fp_trap_1                  0x00000297   Thumb Code     0  libinit2.o(.ARM.Collect$$libinit$$0000001F)
    __rt_lib_init_getenv_1                   0x00000297   Thumb Code     0  libinit2.o(.ARM.Collect$$libinit$$00000023)
    __rt_lib_init_lc_ctype_1                 0x00000297   Thumb Code     0  libinit2.o(.ARM.Collect$$libinit$$00000013)
    __rt_lib_init_lc_monetary_1              0x00000297   Thumb Code     0  libinit2.o(.ARM.Collect$$libinit$$00000015)
    __rt_lib_init_lc_numeric_1               0x00000297   Thumb Code     0  libinit2.o(.ARM.Collect$$libinit$$00000017)
    __rt_lib_init_lc_time_1                  0x00000297   Thumb Code     0  libinit2.o(.ARM.Collect$$libinit$$00000019)
    __rt_lib_init_return                     0x00000297   Thumb Code     0  libinit2.o(.ARM.Collect$$libinit$$00000033)
    __rt_lib_init_signal_1                   0x00000297   Thumb Code     0  libinit2.o(.ARM.Collect$$libinit$$0000001D)
    __rt_lib_init_stdio_1                    0x00000297   Thumb Code     0  libinit2.o(.ARM.Collect$$libinit$$00000025)
    __rt_lib_shutdown                        0x00000299   Thumb Code     0  libshutdown.o(.ARM.Collect$$libshutdown$$00000000)
    __rt_lib_shutdown_cpp_1                  0x0000029b   Thumb Code     0  libshutdown2.o(.ARM.Collect$$libshutdown$$00000002)
    __rt_lib_shutdown_fp_trap_1              0x0000029b   Thumb Code     0  libshutdown2.o(.ARM.Collect$$libshutdown$$00000007)
    __rt_lib_shutdown_heap_1                 0x0000029b   Thumb Code     0  libshutdown2.o(.ARM.Collect$$libshutdown$$0000000F)
    __rt_lib_shutdown_return                 0x0000029b   Thumb Code     0  libshutdown2.o(.ARM.Collect$$libshutdown$$00000010)
    __rt_lib_shutdown_signal_1               0x0000029b   Thumb Code     0  libshutdown2.o(.ARM.Collect$$libshutdown$$0000000A)
    __rt_lib_shutdown_stdio_1                0x0000029b   Thumb Code     0  libshutdown2.o(.ARM.Collect$$libshutdown$$00000004)
    __rt_lib_shutdown_user_alloc_1           0x0000029b   Thumb Code     0  libshutdown2.o(.ARM.Collect$$libshutdown$$0000000C)
    __rt_entry                               0x0000029d   Thumb Code     0  __rtentry.o(.ARM.Collect$$rtentry$$00000000)
    __rt_entry_presh_1                       0x0000029d   Thumb Code     0  __rtentry2.o(.ARM.Collect$$rtentry$$00000002)
    __rt_entry_sh                            0x0000029d   Thumb Code     0  __rtentry4.o(.ARM.Collect$$rtentry$$00000004)
    __rt_entry_li                            0x000002a3   Thumb Code     0  __rtentry2.o(.ARM.Collect$$rtentry$$0000000A)
    __rt_entry_postsh_1                      0x000002a3   Thumb Code     0  __rtentry2.o(.ARM.Collect$$rtentry$$00000009)
    __rt_entry_main                          0x000002a7   Thumb Code     0  __rtentry2.o(.ARM.Collect$$rtentry$$0000000D)
    __rt_entry_postli_1                      0x000002a7   Thumb Code     0  __rtentry2.o(.ARM.Collect$$rtentry$$0000000C)
    __rt_exit                                0x000002af   Thumb Code     0  rtexit.o(.ARM.Collect$$rtexit$$00000000)
    __rt_exit_ls                             0x000002b1   Thumb Code     0  rtexit2.o(.ARM.Collect$$rtexit$$00000003)
    __rt_exit_prels_1                        0x000002b1   Thumb Code     0  rtexit2.o(.ARM.Collect$$rtexit$$00000002)
    __rt_exit_exit                           0x000002b5   Thumb Code     0  rtexit2.o(.ARM.Collect$$rtexit$$00000004)
    CPUcpsid                                 0x000002bd   Thumb Code     8  cpu.o(.emb_text)
    CPUprimask                               0x000002c5   Thumb Code     6  cpu.o(.emb_text)
    CPUcpsie                                 0x000002cb   Thumb Code     8  cpu.o(.emb_text)
    CPUwfi                                   0x000002d3   Thumb Code     4  cpu.o(.emb_text)
    CPUbasepriSet                            0x000002d7   Thumb Code     6  cpu.o(.emb_text)
    CPUbasepriGet                            0x000002dd   Thumb Code     6  cpu.o(.emb_text)
    Reset_Handler                            0x000002e5   Thumb Code     8  startup_tm4c129.o(.text)
    NMI_Handler                              0x000002ed   Thumb Code     2  startup_tm4c129.o(.text)
    HardFault_Handler                        0x000002ef   Thumb Code     2  startup_tm4c129.o(.text)
    MemManage_Handler                        0x000002f1   Thumb Code     2  startup_tm4c129.o(.text)
    BusFault_Handler                         0x000002f3   Thumb Code     2  startup_tm4c129.o(.text)
    UsageFault_Handler                       0x000002f5   Thumb Code     2  startup_tm4c129.o(.text)
    SVC_Handler                              0x000002f7   Thumb Code     2  startup_tm4c129.o(.text)
    DebugMon_Handler                         0x000002f9   Thumb Code     2  startup_tm4c129.o(.text)
    PendSV_Handler                           0x000002fb   Thumb Code     2  startup_tm4c129.o(.text)
    GPIOA_Handler                            0x000002ff   Thumb Code     2  startup_tm4c129.o(.text)
    GPIOB_Handler                            0x00000301   Thumb Code     2  startup_tm4c129.o(.text)
    GPIOC_Handler                            0x00000303   Thumb Code     2  startup_tm4c129.o(.text)
    GPIOD_Handler                            0x00000305   Thumb Code     2  startup_tm4c129.o(.text)
    GPIOE_Handler                            0x00000307   Thumb Code     2  startup_tm4c129.o(.text)
    UART1_Handler                            0x0000030b   Thumb Code     2  startup_tm4c129.o(.text)
    SSI0_Handler                             0x0000030d   Thumb Code     2  startup_tm4c129.o(.text)
    I2C0_Handler                             0x0000030f   Thumb Code     2  startup_tm4c129.o(.text)
    PMW0_FAULT_Handler                       0x00000311   Thumb Code     2  startup_tm4c129.o(.text)
    PWM0_0_Handler                           0x00000313   Thumb Code     2  startup_tm4c129.o(.text)
    PWM0_1_Handler                           0x00000315   Thumb Code     2  startup_tm4c129.o(.text)
    PWM0_2_Handler                           0x00000317   Thumb Code     2  startup_tm4c129.o(.text)
    QEI0_Handler                             0x00000319   Thumb Code     2  startup_tm4c129.o(.text)
    ADC0SS0_Handler                          0x0000031b   Thumb Code     2  startup_tm4c129.o(.text)
    ADC0SS1_Handler                          0x0000031d   Thumb Code     2  startup_tm4c129.o(.text)
    ADC0SS2_Handler                          0x0000031f   Thumb Code     2  startup_tm4c129.o(.text)
    ADC0SS3_Handler                          0x00000321   Thumb Code     2  startup_tm4c129.o(.text)
    WDT0_Handler                             0x00000323   Thumb Code     2  startup_tm4c129.o(.text)
    TIMER0A_Handler                          0x00000325   Thumb Code     2  startup_tm4c129.o(.text)
    TIMER0B_Handler                          0x00000327   Thumb Code     2  startup_tm4c129.o(.text)
    TIMER1A_Handler                          0x00000329   Thumb Code     2  startup_tm4c129.o(.text)
    TIMER1B_Handler                          0x0000032b   Thumb Code     2  startup_tm4c129.o(.text)
    TIMER2A_Handler                          0x0000032d   Thumb Code     2  startup_tm4c129.o(.text)
    TIMER2B_Handler                          0x0000032f   Thumb Code     2  startup_tm4c129.o(.text)
    COMP0_Handler                            0x00000331   Thumb Code     2  startup_tm4c129.o(.text)
    COMP1_Handler                            0x00000333   Thumb Code     2  startup_tm4c129.o(.text)
    COMP2_Handler                            0x00000335   Thumb Code     2  startup_tm4c129.o(.text)
    SYSCTL_Handler                           0x00000337   Thumb Code     2  startup_tm4c129.o(.text)
    FLASH_Handler                            0x00000339   Thumb Code     2  startup_tm4c129.o(.text)
    GPIOF_Handler                            0x0000033b   Thumb Code     2  startup_tm4c129.o(.text)
    GPIOG_Handler                            0x0000033d   Thumb Code     2  startup_tm4c129.o(.text)
    GPIOH_Handler                            0x0000033f   Thumb Code     2  startup_tm4c129.o(.text)
    UART2_Handler                            0x00000341   Thumb Code     2  startup_tm4c129.o(.text)
    SSI1_Handler                             0x00000343   Thumb Code     2  startup_tm4c129.o(.text)
    TIMER3A_Handler                          0x00000345   Thumb Code     2  startup_tm4c129.o(.text)
    TIMER3B_Handler                          0x00000347   Thumb Code     2  startup_tm4c129.o(.text)
    I2C1_Handler                             0x00000349   Thumb Code     2  startup_tm4c129.o(.text)
    CAN0_Handler                             0x0000034b   Thumb Code     2  startup_tm4c129.o(.text)
    CAN1_Handler                             0x0000034d   Thumb Code     2  startup_tm4c129.o(.text)
    ETH_Handler                              0x0000034f   Thumb Code     2  startup_tm4c129.o(.text)
    HIB_Handler                              0x00000351   Thumb Code     2  startup_tm4c129.o(.text)
    USB0_Handler                             0x00000353   Thumb Code     2  startup_tm4c129.o(.text)
    PWM0_3_Handler                           0x00000355   Thumb Code     2  startup_tm4c129.o(.text)
    UDMA_Handler                             0x00000357   Thumb Code     2  startup_tm4c129.o(.text)
    UDMAERR_Handler                          0x00000359   Thumb Code     2  startup_tm4c129.o(.text)
    ADC1SS0_Handler                          0x0000035b   Thumb Code     2  startup_tm4c129.o(.text)
    ADC1SS1_Handler                          0x0000035d   Thumb Code     2  startup_tm4c129.o(.text)
    ADC1SS2_Handler                          0x0000035f   Thumb Code     2  startup_tm4c129.o(.text)
    ADC1SS3_Handler                          0x00000361   Thumb Code     2  startup_tm4c129.o(.text)
    EBI0_Handler                             0x00000363   Thumb Code     2  startup_tm4c129.o(.text)
    GPIOJ_Handler                            0x00000365   Thumb Code     2  startup_tm4c129.o(.text)
    GPIOK_Handler                            0x00000367   Thumb Code     2  startup_tm4c129.o(.text)
    GPIOL_Handler                            0x00000369   Thumb Code     2  startup_tm4c129.o(.text)
    SSI2_Handler                             0x0000036b   Thumb Code     2  startup_tm4c129.o(.text)
    SSI3_Handler                             0x0000036d   Thumb Code     2  startup_tm4c129.o(.text)
    UART3_Handler                            0x0000036f   Thumb Code     2  startup_tm4c129.o(.text)
    UART4_Handler                            0x00000371   Thumb Code     2  startup_tm4c129.o(.text)
    UART5_Handler                            0x00000373   Thumb Code     2  startup_tm4c129.o(.text)
    UART6_Handler                            0x00000375   Thumb Code     2  startup_tm4c129.o(.text)
    UART7_Handler                            0x00000377   Thumb Code     2  startup_tm4c129.o(.text)
    I2C2_Handler                             0x00000379   Thumb Code     2  startup_tm4c129.o(.text)
    I2C3_Handler                             0x0000037b   Thumb Code     2  startup_tm4c129.o(.text)
    TIMER4A_Handler                          0x0000037d   Thumb Code     2  startup_tm4c129.o(.text)
    TIMER4B_Handler                          0x0000037f   Thumb Code     2  startup_tm4c129.o(.text)
    TIMER5A_Handler                          0x00000381   Thumb Code     2  startup_tm4c129.o(.text)
    TIMER5B_Handler                          0x00000383   Thumb Code     2  startup_tm4c129.o(.text)
    WTIMER0A_Handler                         0x00000385   Thumb Code     2  startup_tm4c129.o(.text)
    WTIMER0B_Handler                         0x00000387   Thumb Code     2  startup_tm4c129.o(.text)
    WTIMER1A_Handler                         0x00000389   Thumb Code     2  startup_tm4c129.o(.text)
    WTIMER1B_Handler                         0x0000038b   Thumb Code     2  startup_tm4c129.o(.text)
    WTIMER2A_Handler                         0x0000038d   Thumb Code     2  startup_tm4c129.o(.text)
    WTIMER2B_Handler                         0x0000038f   Thumb Code     2  startup_tm4c129.o(.text)
    WTIMER3A_Handler                         0x00000391   Thumb Code     2  startup_tm4c129.o(.text)
    WTIMER3B_Handler                         0x00000393   Thumb Code     2  startup_tm4c129.o(.text)
    WTIMER4A_Handler                         0x00000395   Thumb Code     2  startup_tm4c129.o(.text)
    WTIMER4B_Handler                         0x00000397   Thumb Code     2  startup_tm4c129.o(.text)
    WTIMER5A_Handler                         0x00000399   Thumb Code     2  startup_tm4c129.o(.text)
    WTIMER5B_Handler                         0x0000039b   Thumb Code     2  startup_tm4c129.o(.text)
    FPU_Handler                              0x0000039d   Thumb Code     2  startup_tm4c129.o(.text)
    I2C4_Handler                             0x0000039f   Thumb Code     2  startup_tm4c129.o(.text)
    I2C5_Handler                             0x000003a1   Thumb Code     2  startup_tm4c129.o(.text)
    GPIOM_Handler                            0x000003a3   Thumb Code     2  startup_tm4c129.o(.text)
    GPION_Handler                            0x000003a5   Thumb Code     2  startup_tm4c129.o(.text)
    TAMPER_Handler                           0x000003a7   Thumb Code     2  startup_tm4c129.o(.text)
    GPIOP0_Handler                           0x000003a9   Thumb Code     2  startup_tm4c129.o(.text)
    GPIOP1_Handler                           0x000003ab   Thumb Code     2  startup_tm4c129.o(.text)
    GPIOP2_Handler                           0x000003ad   Thumb Code     2  startup_tm4c129.o(.text)
    GPIOP3_Handler                           0x000003af   Thumb Code     2  startup_tm4c129.o(.text)
    GPIOP4_Handler                           0x000003b1   Thumb Code     2  startup_tm4c129.o(.text)
    GPIOP5_Handler                           0x000003b3   Thumb Code     2  startup_tm4c129.o(.text)
    GPIOP6_Handler                           0x000003b5   Thumb Code     2  startup_tm4c129.o(.text)
    GPIOP7_Handler                           0x000003b7   Thumb Code     2  startup_tm4c129.o(.text)
    GPIOQ0_Handler                           0x000003b9   Thumb Code     2  startup_tm4c129.o(.text)
    GPIOQ1_Handler                           0x000003bb   Thumb Code     2  startup_tm4c129.o(.text)
    GPIOQ2_Handler                           0x000003bd   Thumb Code     2  startup_tm4c129.o(.text)
    GPIOQ3_Handler                           0x000003bf   Thumb Code     2  startup_tm4c129.o(.text)
    GPIOQ4_Handler                           0x000003c1   Thumb Code     2  startup_tm4c129.o(.text)
    GPIOQ5_Handler                           0x000003c3   Thumb Code     2  startup_tm4c129.o(.text)
    GPIOQ6_Handler                           0x000003c5   Thumb Code     2  startup_tm4c129.o(.text)
    GPIOQ7_Handler                           0x000003c7   Thumb Code     2  startup_tm4c129.o(.text)
    GPIOR_Handler                            0x000003c9   Thumb Code     2  startup_tm4c129.o(.text)
    GPIOS_Handler                            0x000003cb   Thumb Code     2  startup_tm4c129.o(.text)
    SHAMD5_Handler                           0x000003cd   Thumb Code     2  startup_tm4c129.o(.text)
    AES_Handler                              0x000003cf   Thumb Code     2  startup_tm4c129.o(.text)
    DES3DES_Handler                          0x000003d1   Thumb Code     2  startup_tm4c129.o(.text)
    LCDCONTROLLER_Handler                    0x000003d3   Thumb Code     2  startup_tm4c129.o(.text)
    TIMER6A_Handler                          0x000003d5   Thumb Code     2  startup_tm4c129.o(.text)
    TIMER6B_Handler                          0x000003d7   Thumb Code     2  startup_tm4c129.o(.text)
    TIMER7A_Handler                          0x000003d9   Thumb Code     2  startup_tm4c129.o(.text)
    TIMER7B_Handler                          0x000003db   Thumb Code     2  startup_tm4c129.o(.text)
    I2C6_Handler                             0x000003dd   Thumb Code     2  startup_tm4c129.o(.text)
    I2C7_Handler                             0x000003df   Thumb Code     2  startup_tm4c129.o(.text)
    HIMSCANKEYBOARD_Handler                  0x000003e1   Thumb Code     2  startup_tm4c129.o(.text)
    ONEWIRE_Handler                          0x000003e3   Thumb Code     2  startup_tm4c129.o(.text)
    HIMPS2_Handler                           0x000003e5   Thumb Code     2  startup_tm4c129.o(.text)
    HIMLEDSEQUENCER_Handler                  0x000003e7   Thumb Code     2  startup_tm4c129.o(.text)
    HIMCONSUMERIR_Handler                    0x000003e9   Thumb Code     2  startup_tm4c129.o(.text)
    I2C8_Handler                             0x000003eb   Thumb Code     2  startup_tm4c129.o(.text)
    I2C9_Handler                             0x000003ed   Thumb Code     2  startup_tm4c129.o(.text)
    GPIOT_Handler                            0x000003ef   Thumb Code     2  startup_tm4c129.o(.text)
    __user_initial_stackheap                 0x000003f1   Thumb Code     0  startup_tm4c129.o(.text)
    __2sprintf                               0x00000411   Thumb Code    34  noretval__2sprintf.o(.text)
    __2snprintf                              0x00000439   Thumb Code    48  noretval__2snprintf.o(.text)
    _printf_pre_padding                      0x0000046d   Thumb Code    44  _printf_pad.o(.text)
    _printf_post_padding                     0x00000499   Thumb Code    34  _printf_pad.o(.text)
    _printf_int_dec                          0x000004bd   Thumb Code   104  _printf_dec.o(.text)
    __printf                                 0x00000535   Thumb Code   308  __printf_flags_wp.o(.text)
    atoi                                     0x0000066d   Thumb Code    26  atoi.o(.text)
    strtok                                   0x00000689   Thumb Code     6  strtok.o(.text)
    strcpy                                   0x00000695   Thumb Code    72  strcpy.o(.text)
    strlen                                   0x000006dd   Thumb Code    62  strlen.o(.text)
    __aeabi_memclr                           0x0000071b   Thumb Code     0  rt_memclr.o(.text)
    __rt_memclr                              0x0000071b   Thumb Code    68  rt_memclr.o(.text)
    _memset                                  0x0000071f   Thumb Code     0  rt_memclr.o(.text)
    strncpy                                  0x0000075f   Thumb Code    86  strncpy.o(.text)
    strcmp                                   0x000007b5   Thumb Code   128  strcmpv7m.o(.text)
    __use_two_region_memory                  0x00000835   Thumb Code     2  heapauxi.o(.text)
    __rt_heap_escrow$2region                 0x00000837   Thumb Code     2  heapauxi.o(.text)
    __rt_heap_expand$2region                 0x00000839   Thumb Code     2  heapauxi.o(.text)
    __aeabi_errno_addr                       0x0000083d   Thumb Code     8  rt_errno_addr_intlibspace.o(.text)
    __errno$intlibspace                      0x0000083d   Thumb Code     0  rt_errno_addr_intlibspace.o(.text)
    __rt_errno_addr$intlibspace              0x0000083d   Thumb Code     0  rt_errno_addr_intlibspace.o(.text)
    _printf_int_common                       0x00000845   Thumb Code   178  _printf_intcommon.o(.text)
    _printf_char_common                      0x00000903   Thumb Code    32  _printf_char_common.o(.text)
    _sputc                                   0x00000929   Thumb Code    10  _sputc.o(.text)
    _snputc                                  0x00000933   Thumb Code    16  _snputc.o(.text)
    _chval                                   0x00000943   Thumb Code    28  _chval.o(.text)
    strtol                                   0x0000095f   Thumb Code   112  strtol.o(.text)
    __strtok_internal                        0x000009d1   Thumb Code    64  strtok_int.o(.text)
    __aeabi_memclr4                          0x00000a15   Thumb Code     0  rt_memclr_w.o(.text)
    __aeabi_memclr8                          0x00000a15   Thumb Code     0  rt_memclr_w.o(.text)
    __rt_memclr_w                            0x00000a15   Thumb Code    78  rt_memclr_w.o(.text)
    _memset_w                                0x00000a19   Thumb Code     0  rt_memclr_w.o(.text)
    __user_libspace                          0x00000a65   Thumb Code     8  libspace.o(.text)
    __user_perproc_libspace                  0x00000a65   Thumb Code     0  libspace.o(.text)
    __user_perthread_libspace                0x00000a65   Thumb Code     0  libspace.o(.text)
    __rt_ctype_table                         0x00000a6d   Thumb Code    16  rt_ctype_table.o(.text)
    _strtoul                                 0x00000a7d   Thumb Code   158  _strtoul.o(.text)
    strcspn                                  0x00000b1b   Thumb Code    32  strcspn.o(.text)
    strspn                                   0x00000b3b   Thumb Code    28  strspn.o(.text)
    __user_setup_stackheap                   0x00000b57   Thumb Code    74  sys_stackheap_outer.o(.text)
    __rt_locale                              0x00000ba1   Thumb Code     8  rt_locale_intlibspace.o(.text)
    exit                                     0x00000ba9   Thumb Code    18  exit.o(.text)
    _sys_exit                                0x00000bbd   Thumb Code     8  sys_exit.o(.text)
    __I$use$semihosting                      0x00000bc9   Thumb Code     0  use_no_semi.o(.text)
    __use_no_semihosting_swi                 0x00000bc9   Thumb Code     2  use_no_semi.o(.text)
    __semihosting_library_function           0x00000bcb   Thumb Code     0  indicate_semi.o(.text)
    CharToSeg7                               0x00000bcd   Thumb Code   112  main.o(i.CharToSeg7)
    Delay                                    0x00000c41   Thumb Code    12  main.o(i.Delay)
    DeviceInit                               0x00000c4d   Thumb Code    74  main.o(i.DeviceInit)
    ExecDisabledState                        0x00000ca9   Thumb Code    84  main.o(i.ExecDisabledState)
    ExecErrorState                           0x00000d09   Thumb Code   136  main.o(i.ExecErrorState)
    ExecFlowingState                         0x00000da9   Thumb Code   142  main.o(i.ExecFlowingState)
    ExecSetAlarmState                        0x00000e55   Thumb Code   142  main.o(i.ExecSetAlarmState)
    ExecSetDateState                         0x00000f01   Thumb Code   142  main.o(i.ExecSetDateState)
    ExecSetTimeState                         0x00000fad   Thumb Code   142  main.o(i.ExecSetTimeState)
    ExecState                                0x00001059   Thumb Code    70  main.o(i.ExecState)
    FlowingStringToSeg7                      0x000010a5   Thumb Code   170  main.o(i.FlowingStringToSeg7)
    GPIODirModeSet                           0x00001155   Thumb Code    40  gpio.o(i.GPIODirModeSet)
    GPIOPadConfigSet                         0x0000117d   Thumb Code   312  gpio.o(i.GPIOPadConfigSet)
    GPIOPinConfigure                         0x000012b5   Thumb Code    60  gpio.o(i.GPIOPinConfigure)
    GPIOPinTypeGPIOInput                     0x000012f9   Thumb Code    28  gpio.o(i.GPIOPinTypeGPIOInput)
    GPIOPinTypeGPIOOutput                    0x00001315   Thumb Code    28  gpio.o(i.GPIOPinTypeGPIOOutput)
    GPIOPinTypeI2C                           0x00001331   Thumb Code    28  gpio.o(i.GPIOPinTypeI2C)
    GPIOPinTypeI2CSCL                        0x0000134d   Thumb Code    28  gpio.o(i.GPIOPinTypeI2CSCL)
    GPIOPinTypePWM                           0x00001369   Thumb Code    28  gpio.o(i.GPIOPinTypePWM)
    GPIOPinTypeUART                          0x00001385   Thumb Code    28  gpio.o(i.GPIOPinTypeUART)
    GPIOPinWrite                             0x000013a1   Thumb Code     6  gpio.o(i.GPIOPinWrite)
    I2C0_ReadByte                            0x000013a9   Thumb Code   122  main.o(i.I2C0_ReadByte)
    I2C0_WriteByte                           0x00001429   Thumb Code   110  main.o(i.I2C0_WriteByte)
    I2CMasterBusBusy                         0x0000149d   Thumb Code    12  i2c.o(i.I2CMasterBusBusy)
    I2CMasterBusy                            0x000014a9   Thumb Code    12  i2c.o(i.I2CMasterBusy)
    I2CMasterControl                         0x000014b5   Thumb Code     4  i2c.o(i.I2CMasterControl)
    I2CMasterDataGet                         0x000014b9   Thumb Code     4  i2c.o(i.I2CMasterDataGet)
    I2CMasterDataPut                         0x000014bd   Thumb Code     4  i2c.o(i.I2CMasterDataPut)
    I2CMasterEnable                          0x000014c1   Thumb Code    10  i2c.o(i.I2CMasterEnable)
    I2CMasterErr                             0x000014cb   Thumb Code    24  i2c.o(i.I2CMasterErr)
    I2CMasterInitExpClk                      0x000014e5   Thumb Code    72  i2c.o(i.I2CMasterInitExpClk)
    I2CMasterSlaveAddrSet                    0x00001539   Thumb Code     8  i2c.o(i.I2CMasterSlaveAddrSet)
    IntEnable                                0x00001541   Thumb Code    92  interrupt.o(i.IntEnable)
    IntMasterEnable                          0x000015a5   Thumb Code    14  interrupt.o(i.IntMasterEnable)
    IntPrioritySet                           0x000015b5   Thumb Code    36  interrupt.o(i.IntPrioritySet)
    Interval_100ms_Handler                   0x000015dd   Thumb Code   160  main.o(i.Interval_100ms_Handler)
    Interval_10ms_Handler                    0x0000169d   Thumb Code    36  main.o(i.Interval_10ms_Handler)
    Interval_1s_Handler                      0x000016cd   Thumb Code    68  main.o(i.Interval_1s_Handler)
    Interval_500ms_Handler                   0x0000172d   Thumb Code   140  main.o(i.Interval_500ms_Handler)
    KeyFunctionExecute                       0x000017d5   Thumb Code  1344  main.o(i.KeyFunctionExecute)
    KeyPressHandler                          0x00001d41   Thumb Code   140  main.o(i.KeyPressHandler)
    PWMClockSet                              0x00001dd9   Thumb Code    20  pwm.o(i.PWMClockSet)
    PWMGenConfigure                          0x00001ded   Thumb Code    38  pwm.o(i.PWMGenConfigure)
    PWMGenDisable                            0x00001e13   Thumb Code    10  pwm.o(i.PWMGenDisable)
    PWMGenEnable                             0x00001e1d   Thumb Code    10  pwm.o(i.PWMGenEnable)
    PWMGenPeriodSet                          0x00001e27   Thumb Code    18  pwm.o(i.PWMGenPeriodSet)
    PWMOutputState                           0x00001e39   Thumb Code    16  pwm.o(i.PWMOutputState)
    PWMPulseWidthSet                         0x00001e49   Thumb Code    32  pwm.o(i.PWMPulseWidthSet)
    S800_GPIO_Init                           0x00001e69   Thumb Code   102  main.o(i.S800_GPIO_Init)
    S800_I2C0_Init                           0x00001ee1   Thumb Code   122  main.o(i.S800_I2C0_Init)
    S800_PWM_Init                            0x00001f79   Thumb Code   120  main.o(i.S800_PWM_Init)
    S800_UART_Init                           0x00002005   Thumb Code    82  main.o(i.S800_UART_Init)
    Seg7DisableAll                           0x0000207d   Thumb Code    82  main.o(i.Seg7DisableAll)
    Seg7DisplayBlocked                       0x000020e5   Thumb Code   158  main.o(i.Seg7DisplayBlocked)
    Seg7EnableAll                            0x000021a1   Thumb Code    28  main.o(i.Seg7EnableAll)
    StartProcess                             0x000021c9   Thumb Code   124  main.o(i.StartProcess)
    StringToSeg7                             0x0000226d   Thumb Code   118  main.o(i.StringToSeg7)
    SysCtlClockFreqSet                       0x000022e5   Thumb Code   706  sysctl.o(i.SysCtlClockFreqSet)
    SysCtlPeripheralEnable                   0x000025d1   Thumb Code    36  sysctl.o(i.SysCtlPeripheralEnable)
    SysCtlPeripheralReady                    0x000025f9   Thumb Code    40  sysctl.o(i.SysCtlPeripheralReady)
    SysTickEnable                            0x00002625   Thumb Code    14  systick.o(i.SysTickEnable)
    SysTickIntEnable                         0x00002633   Thumb Code    14  systick.o(i.SysTickIntEnable)
    SysTickPeriodSet                         0x00002641   Thumb Code    10  systick.o(i.SysTickPeriodSet)
    SysTick_Handler                          0x0000264d   Thumb Code   192  main.o(i.SysTick_Handler)
    SystemInit                               0x00002741   Thumb Code    20  system_tm4c129.o(i.SystemInit)
    UART0_Handler                            0x00002761   Thumb Code   158  main.o(i.UART0_Handler)
    UARTBusy                                 0x00002829   Thumb Code     8  uart.o(i.UARTBusy)
    UARTCharGetNonBlocking                   0x00002831   Thumb Code    16  uart.o(i.UARTCharGetNonBlocking)
    UARTCharPut                              0x00002841   Thumb Code    12  uart.o(i.UARTCharPut)
    UARTCharsAvail                           0x0000284d   Thumb Code    10  uart.o(i.UARTCharsAvail)
    UARTConfigSetExpClk                      0x00002857   Thumb Code   110  uart.o(i.UARTConfigSetExpClk)
    UARTIntClear                             0x000028c5   Thumb Code     4  uart.o(i.UARTIntClear)
    UARTIntEnable                            0x000028c9   Thumb Code     8  uart.o(i.UARTIntEnable)
    UARTIntStatus                            0x000028d1   Thumb Code    10  uart.o(i.UARTIntStatus)
    UARTStringPut                            0x000028dd   Thumb Code    48  main.o(i.UARTStringPut)
    _is_digit                                0x00002911   Thumb Code    14  __printf_wp.o(i._is_digit)
    formatDateTime                           0x00002921   Thumb Code    36  main.o(i.formatDateTime)
    getDaysInMonth                           0x00002965   Thumb Code    80  main.o(i.getDaysInMonth)
    handleCommand                            0x000029b5   Thumb Code   956  main.o(i.handleCommand)
    main                                     0x00002f71   Thumb Code    80  main.o(i.main)
    makeDateTime                             0x00002fd5   Thumb Code    22  main.o(i.makeDateTime)
    to_upper                                 0x00002feb   Thumb Code    34  main.o(i.to_upper)
    updateTime                               0x0000300d   Thumb Code    94  main.o(i.updateTime)
    _get_lc_ctype                            0x0000306d   Thumb Code    44  lc_ctype_c.o(locale$$code)
    _fp_init                                 0x00003099   Thumb Code    10  fpinit.o(x$fpl$fpinit)
    __fplib_config_fpu_vfp                   0x000030a1   Thumb Code     0  fpinit.o(x$fpl$fpinit)
    __fplib_config_pureend_doubles           0x000030a1   Thumb Code     0  fpinit.o(x$fpl$fpinit)
    Region$$Table$$Base                      0x00003640   Number         0  anon$$obj.o(Region$$Table)
    Region$$Table$$Limit                     0x00003660   Number         0  anon$$obj.o(Region$$Table)
    __ctype                                  0x0000366d   Data           0  lc_ctype_c.o(locale$$data)
    CursorPosition                           0x20000000   Data           1  main.o(.data)
    PrevStateBeforeDisabled                  0x20000001   Data           1  main.o(.data)
    CurrentState                             0x20000002   Data           1  main.o(.data)
    InitStateTimeMilliSeconds                0x20000004   Data           2  main.o(.data)
    key_code                                 0x20000006   Data           1  main.o(.data)
    PWMFlag                                  0x20000007   Data           1  main.o(.data)
    alarmBeepingFlag                         0x20000008   Data           1  main.o(.data)
    alarmBeepCount                           0x20000009   Data           1  main.o(.data)
    alarmEnabled                             0x2000000a   Data           1  main.o(.data)
    currentDateTime                          0x2000000c   Data           8  main.o(.data)
    alarmTime                                0x20000014   Data           8  main.o(.data)
    dateTemp                                 0x2000001c   Data           8  main.o(.data)
    timeTemp                                 0x20000024   Data           8  main.o(.data)
    ui32SysClock                             0x2000002c   Data           4  main.o(.data)
    systick_10ms_couter                      0x20000030   Data           2  main.o(.data)
    systick_100ms_counter                    0x20000032   Data           2  main.o(.data)
    systick_500ms_counter                    0x20000034   Data           2  main.o(.data)
    systick_1s_counter                       0x20000036   Data           2  main.o(.data)
    systick_10ms_status                      0x20000038   Data           1  main.o(.data)
    systick_100ms_status                     0x20000039   Data           1  main.o(.data)
    systick_500ms_status                     0x2000003a   Data           1  main.o(.data)
    systick_1s_status                        0x2000003b   Data           1  main.o(.data)
    result                                   0x2000003c   Data           1  main.o(.data)
    cnt                                      0x2000003d   Data           1  main.o(.data)
    key_value                                0x2000003e   Data           1  main.o(.data)
    gpio_status                              0x2000003f   Data           1  main.o(.data)
    i2c_flash_cnt                            0x20000040   Data           2  main.o(.data)
    rightshift                               0x20000042   Data           1  main.o(.data)
    seg7                                     0x20000043   Data          17  main.o(.data)
    Seg7Shining                              0x20000054   Data           8  main.o(.data)
    Seg7Enable                               0x2000005c   Data           8  main.o(.data)
    RxEndFlag                                0x20000064   Data           1  main.o(.data)
    DateTimeString                           0x20000065   Data          32  main.o(.data)
    TimeStringToSet                          0x20000085   Data          16  main.o(.data)
    DateStringToSet                          0x20000095   Data          16  main.o(.data)
    Seg7Display                              0x200000a5   Data           8  main.o(.data)
    flow_direction                           0x200000ad   Data           1  main.o(.data)
    flow_interval                            0x200000ae   Data           1  main.o(.data)
    flow_cnt                                 0x200000af   Data           1  main.o(.data)
    flow_index                               0x200000b0   Data           1  main.o(.data)
    SystemCoreClock                          0x200000b4   Data           4  system_tm4c129.o(.data)
    key_counter                              0x200000bc   Data          16  main.o(.bss)
    RxBuf                                    0x200000cc   Data         256  main.o(.bss)
    __libspace_start                         0x200002cc   Data          96  libspace.o(.bss)
    __temporary_stack_top$libspace           0x2000032c   Data           0  libspace.o(.bss)



==============================================================================

Memory Map of the image

  Image Entry point : 0x00000201

  Load Region LR_IROM1 (Base: 0x00000000, Size: 0x0000382c, Max: 0x00100000, ABSOLUTE)

    Execution Region ER_IROM1 (Base: 0x00000000, Size: 0x00003770, Max: 0x00100000, ABSOLUTE)

    Base Addr    Size         Type   Attr      Idx    E Section Name        Object

    0x00000000   0x00000200   Data   RO          320    RESET               startup_tm4c129.o
    0x00000200   0x00000008   Code   RO         2172  * !!!main             c_w.l(__main.o)
    0x00000208   0x00000034   Code   RO         2377    !!!scatter          c_w.l(__scatter.o)
    0x0000023c   0x0000001a   Code   RO         2379    !!handler_copy      c_w.l(__scatter_copy.o)
    0x00000256   0x00000002   PAD
    0x00000258   0x0000001c   Code   RO         2381    !!handler_zi        c_w.l(__scatter_zi.o)
    0x00000274   0x00000000   Code   RO         2148    .ARM.Collect$$_printf_percent$$00000000  c_w.l(_printf_percent.o)
    0x00000274   0x00000006   Code   RO         2147    .ARM.Collect$$_printf_percent$$00000009  c_w.l(_printf_d.o)
    0x0000027a   0x00000004   Code   RO         2188    .ARM.Collect$$_printf_percent$$00000017  c_w.l(_printf_percent_end.o)
    0x0000027e   0x00000002   Code   RO         2250    .ARM.Collect$$libinit$$00000000  c_w.l(libinit.o)
    0x00000280   0x00000004   Code   RO         2253    .ARM.Collect$$libinit$$00000001  c_w.l(libinit2.o)
    0x00000284   0x00000000   Code   RO         2256    .ARM.Collect$$libinit$$00000004  c_w.l(libinit2.o)
    0x00000284   0x00000000   Code   RO         2259    .ARM.Collect$$libinit$$0000000A  c_w.l(libinit2.o)
    0x00000284   0x00000000   Code   RO         2261    .ARM.Collect$$libinit$$0000000C  c_w.l(libinit2.o)
    0x00000284   0x00000000   Code   RO         2263    .ARM.Collect$$libinit$$0000000E  c_w.l(libinit2.o)
    0x00000284   0x00000006   Code   RO         2264    .ARM.Collect$$libinit$$0000000F  c_w.l(libinit2.o)
    0x0000028a   0x00000000   Code   RO         2266    .ARM.Collect$$libinit$$00000011  c_w.l(libinit2.o)
    0x0000028a   0x0000000c   Code   RO         2267    .ARM.Collect$$libinit$$00000012  c_w.l(libinit2.o)
    0x00000296   0x00000000   Code   RO         2268    .ARM.Collect$$libinit$$00000013  c_w.l(libinit2.o)
    0x00000296   0x00000000   Code   RO         2270    .ARM.Collect$$libinit$$00000015  c_w.l(libinit2.o)
    0x00000296   0x00000000   Code   RO         2272    .ARM.Collect$$libinit$$00000017  c_w.l(libinit2.o)
    0x00000296   0x00000000   Code   RO         2274    .ARM.Collect$$libinit$$00000019  c_w.l(libinit2.o)
    0x00000296   0x00000000   Code   RO         2276    .ARM.Collect$$libinit$$0000001B  c_w.l(libinit2.o)
    0x00000296   0x00000000   Code   RO         2278    .ARM.Collect$$libinit$$0000001D  c_w.l(libinit2.o)
    0x00000296   0x00000000   Code   RO         2280    .ARM.Collect$$libinit$$0000001F  c_w.l(libinit2.o)
    0x00000296   0x00000000   Code   RO         2282    .ARM.Collect$$libinit$$00000021  c_w.l(libinit2.o)
    0x00000296   0x00000000   Code   RO         2284    .ARM.Collect$$libinit$$00000023  c_w.l(libinit2.o)
    0x00000296   0x00000000   Code   RO         2286    .ARM.Collect$$libinit$$00000025  c_w.l(libinit2.o)
    0x00000296   0x00000000   Code   RO         2290    .ARM.Collect$$libinit$$0000002C  c_w.l(libinit2.o)
    0x00000296   0x00000000   Code   RO         2292    .ARM.Collect$$libinit$$0000002E  c_w.l(libinit2.o)
    0x00000296   0x00000000   Code   RO         2294    .ARM.Collect$$libinit$$00000030  c_w.l(libinit2.o)
    0x00000296   0x00000000   Code   RO         2296    .ARM.Collect$$libinit$$00000032  c_w.l(libinit2.o)
    0x00000296   0x00000002   Code   RO         2297    .ARM.Collect$$libinit$$00000033  c_w.l(libinit2.o)
    0x00000298   0x00000002   Code   RO         2317    .ARM.Collect$$libshutdown$$00000000  c_w.l(libshutdown.o)
    0x0000029a   0x00000000   Code   RO         2330    .ARM.Collect$$libshutdown$$00000002  c_w.l(libshutdown2.o)
    0x0000029a   0x00000000   Code   RO         2332    .ARM.Collect$$libshutdown$$00000004  c_w.l(libshutdown2.o)
    0x0000029a   0x00000000   Code   RO         2335    .ARM.Collect$$libshutdown$$00000007  c_w.l(libshutdown2.o)
    0x0000029a   0x00000000   Code   RO         2338    .ARM.Collect$$libshutdown$$0000000A  c_w.l(libshutdown2.o)
    0x0000029a   0x00000000   Code   RO         2340    .ARM.Collect$$libshutdown$$0000000C  c_w.l(libshutdown2.o)
    0x0000029a   0x00000000   Code   RO         2343    .ARM.Collect$$libshutdown$$0000000F  c_w.l(libshutdown2.o)
    0x0000029a   0x00000002   Code   RO         2344    .ARM.Collect$$libshutdown$$00000010  c_w.l(libshutdown2.o)
    0x0000029c   0x00000000   Code   RO         2174    .ARM.Collect$$rtentry$$00000000  c_w.l(__rtentry.o)
    0x0000029c   0x00000000   Code   RO         2205    .ARM.Collect$$rtentry$$00000002  c_w.l(__rtentry2.o)
    0x0000029c   0x00000006   Code   RO         2217    .ARM.Collect$$rtentry$$00000004  c_w.l(__rtentry4.o)
    0x000002a2   0x00000000   Code   RO         2207    .ARM.Collect$$rtentry$$00000009  c_w.l(__rtentry2.o)
    0x000002a2   0x00000004   Code   RO         2208    .ARM.Collect$$rtentry$$0000000A  c_w.l(__rtentry2.o)
    0x000002a6   0x00000000   Code   RO         2210    .ARM.Collect$$rtentry$$0000000C  c_w.l(__rtentry2.o)
    0x000002a6   0x00000008   Code   RO         2211    .ARM.Collect$$rtentry$$0000000D  c_w.l(__rtentry2.o)
    0x000002ae   0x00000002   Code   RO         2251    .ARM.Collect$$rtexit$$00000000  c_w.l(rtexit.o)
    0x000002b0   0x00000000   Code   RO         2299    .ARM.Collect$$rtexit$$00000002  c_w.l(rtexit2.o)
    0x000002b0   0x00000004   Code   RO         2300    .ARM.Collect$$rtexit$$00000003  c_w.l(rtexit2.o)
    0x000002b4   0x00000006   Code   RO         2301    .ARM.Collect$$rtexit$$00000004  c_w.l(rtexit2.o)
    0x000002ba   0x00000002   PAD
    0x000002bc   0x00000026   Code   RO         2101    .emb_text           driverlib.lib(cpu.o)
    0x000002e2   0x00000002   PAD
    0x000002e4   0x0000012c   Code   RO          321    .text               startup_tm4c129.o
    0x00000410   0x00000028   Code   RO         2117    .text               c_w.l(noretval__2sprintf.o)
    0x00000438   0x00000034   Code   RO         2119    .text               c_w.l(noretval__2snprintf.o)
    0x0000046c   0x0000004e   Code   RO         2123    .text               c_w.l(_printf_pad.o)
    0x000004ba   0x00000002   PAD
    0x000004bc   0x00000078   Code   RO         2125    .text               c_w.l(_printf_dec.o)
    0x00000534   0x00000138   Code   RO         2139    .text               c_w.l(__printf_flags_wp.o)
    0x0000066c   0x0000001a   Code   RO         2155    .text               c_w.l(atoi.o)
    0x00000686   0x00000002   PAD
    0x00000688   0x0000000c   Code   RO         2157    .text               c_w.l(strtok.o)
    0x00000694   0x00000048   Code   RO         2160    .text               c_w.l(strcpy.o)
    0x000006dc   0x0000003e   Code   RO         2162    .text               c_w.l(strlen.o)
    0x0000071a   0x00000044   Code   RO         2164    .text               c_w.l(rt_memclr.o)
    0x0000075e   0x00000056   Code   RO         2166    .text               c_w.l(strncpy.o)
    0x000007b4   0x00000080   Code   RO         2168    .text               c_w.l(strcmpv7m.o)
    0x00000834   0x00000006   Code   RO         2170    .text               c_w.l(heapauxi.o)
    0x0000083a   0x00000002   PAD
    0x0000083c   0x00000008   Code   RO         2178    .text               c_w.l(rt_errno_addr_intlibspace.o)
    0x00000844   0x000000b2   Code   RO         2180    .text               c_w.l(_printf_intcommon.o)
    0x000008f6   0x00000002   PAD
    0x000008f8   0x00000030   Code   RO         2182    .text               c_w.l(_printf_char_common.o)
    0x00000928   0x0000000a   Code   RO         2184    .text               c_w.l(_sputc.o)
    0x00000932   0x00000010   Code   RO         2186    .text               c_w.l(_snputc.o)
    0x00000942   0x0000001c   Code   RO         2189    .text               c_w.l(_chval.o)
    0x0000095e   0x00000070   Code   RO         2195    .text               c_w.l(strtol.o)
    0x000009ce   0x00000002   PAD
    0x000009d0   0x00000044   Code   RO         2197    .text               c_w.l(strtok_int.o)
    0x00000a14   0x0000004e   Code   RO         2199    .text               c_w.l(rt_memclr_w.o)
    0x00000a62   0x00000002   PAD
    0x00000a64   0x00000008   Code   RO         2201    .text               c_w.l(libspace.o)
    0x00000a6c   0x00000010   Code   RO         2219    .text               c_w.l(rt_ctype_table.o)
    0x00000a7c   0x0000009e   Code   RO         2227    .text               c_w.l(_strtoul.o)
    0x00000b1a   0x00000020   Code   RO         2229    .text               c_w.l(strcspn.o)
    0x00000b3a   0x0000001c   Code   RO         2231    .text               c_w.l(strspn.o)
    0x00000b56   0x0000004a   Code   RO         2233    .text               c_w.l(sys_stackheap_outer.o)
    0x00000ba0   0x00000008   Code   RO         2238    .text               c_w.l(rt_locale_intlibspace.o)
    0x00000ba8   0x00000012   Code   RO         2243    .text               c_w.l(exit.o)
    0x00000bba   0x00000002   PAD
    0x00000bbc   0x0000000c   Code   RO         2309    .text               c_w.l(sys_exit.o)
    0x00000bc8   0x00000002   Code   RO         2320    .text               c_w.l(use_no_semi.o)
    0x00000bca   0x00000000   Code   RO         2322    .text               c_w.l(indicate_semi.o)
    0x00000bca   0x00000002   PAD
    0x00000bcc   0x00000074   Code   RO            1    i.CharToSeg7        main.o
    0x00000c40   0x0000000c   Code   RO            2    i.Delay             main.o
    0x00000c4c   0x0000005c   Code   RO            3    i.DeviceInit        main.o
    0x00000ca8   0x00000060   Code   RO            4    i.ExecDisabledState  main.o
    0x00000d08   0x000000a0   Code   RO            5    i.ExecErrorState    main.o
    0x00000da8   0x000000ac   Code   RO            6    i.ExecFlowingState  main.o
    0x00000e54   0x000000ac   Code   RO            7    i.ExecSetAlarmState  main.o
    0x00000f00   0x000000ac   Code   RO            8    i.ExecSetDateState  main.o
    0x00000fac   0x000000ac   Code   RO            9    i.ExecSetTimeState  main.o
    0x00001058   0x0000004c   Code   RO           10    i.ExecState         main.o
    0x000010a4   0x000000b0   Code   RO           11    i.FlowingStringToSeg7  main.o
    0x00001154   0x00000028   Code   RO          383    i.GPIODirModeSet    driverlib.lib(gpio.o)
    0x0000117c   0x00000138   Code   RO          395    i.GPIOPadConfigSet  driverlib.lib(gpio.o)
    0x000012b4   0x00000044   Code   RO          396    i.GPIOPinConfigure  driverlib.lib(gpio.o)
    0x000012f8   0x0000001c   Code   RO          406    i.GPIOPinTypeGPIOInput  driverlib.lib(gpio.o)
    0x00001314   0x0000001c   Code   RO          407    i.GPIOPinTypeGPIOOutput  driverlib.lib(gpio.o)
    0x00001330   0x0000001c   Code   RO          410    i.GPIOPinTypeI2C    driverlib.lib(gpio.o)
    0x0000134c   0x0000001c   Code   RO          411    i.GPIOPinTypeI2CSCL  driverlib.lib(gpio.o)
    0x00001368   0x0000001c   Code   RO          414    i.GPIOPinTypePWM    driverlib.lib(gpio.o)
    0x00001384   0x0000001c   Code   RO          419    i.GPIOPinTypeUART   driverlib.lib(gpio.o)
    0x000013a0   0x00000006   Code   RO          425    i.GPIOPinWrite      driverlib.lib(gpio.o)
    0x000013a6   0x00000002   PAD
    0x000013a8   0x00000080   Code   RO           12    i.I2C0_ReadByte     main.o
    0x00001428   0x00000074   Code   RO           13    i.I2C0_WriteByte    main.o
    0x0000149c   0x0000000c   Code   RO          719    i.I2CMasterBusBusy  driverlib.lib(i2c.o)
    0x000014a8   0x0000000c   Code   RO          720    i.I2CMasterBusy     driverlib.lib(i2c.o)
    0x000014b4   0x00000004   Code   RO          721    i.I2CMasterControl  driverlib.lib(i2c.o)
    0x000014b8   0x00000004   Code   RO          722    i.I2CMasterDataGet  driverlib.lib(i2c.o)
    0x000014bc   0x00000004   Code   RO          723    i.I2CMasterDataPut  driverlib.lib(i2c.o)
    0x000014c0   0x0000000a   Code   RO          725    i.I2CMasterEnable   driverlib.lib(i2c.o)
    0x000014ca   0x00000018   Code   RO          726    i.I2CMasterErr      driverlib.lib(i2c.o)
    0x000014e2   0x00000002   PAD
    0x000014e4   0x00000054   Code   RO          728    i.I2CMasterInitExpClk  driverlib.lib(i2c.o)
    0x00001538   0x00000008   Code   RO          738    i.I2CMasterSlaveAddrSet  driverlib.lib(i2c.o)
    0x00001540   0x00000064   Code   RO         1047    i.IntEnable         driverlib.lib(interrupt.o)
    0x000015a4   0x0000000e   Code   RO         1050    i.IntMasterEnable   driverlib.lib(interrupt.o)
    0x000015b2   0x00000002   PAD
    0x000015b4   0x00000028   Code   RO         1058    i.IntPrioritySet    driverlib.lib(interrupt.o)
    0x000015dc   0x000000c0   Code   RO           14    i.Interval_100ms_Handler  main.o
    0x0000169c   0x00000030   Code   RO           15    i.Interval_10ms_Handler  main.o
    0x000016cc   0x00000060   Code   RO           16    i.Interval_1s_Handler  main.o
    0x0000172c   0x000000a8   Code   RO           17    i.Interval_500ms_Handler  main.o
    0x000017d4   0x0000056c   Code   RO           18    i.KeyFunctionExecute  main.o
    0x00001d40   0x00000098   Code   RO           19    i.KeyPressHandler   main.o
    0x00001dd8   0x00000014   Code   RO         1163    i.PWMClockSet       driverlib.lib(pwm.o)
    0x00001dec   0x00000026   Code   RO         1170    i.PWMGenConfigure   driverlib.lib(pwm.o)
    0x00001e12   0x0000000a   Code   RO         1171    i.PWMGenDisable     driverlib.lib(pwm.o)
    0x00001e1c   0x0000000a   Code   RO         1172    i.PWMGenEnable      driverlib.lib(pwm.o)
    0x00001e26   0x00000012   Code   RO         1185    i.PWMGenPeriodSet   driverlib.lib(pwm.o)
    0x00001e38   0x00000010   Code   RO         1192    i.PWMOutputState    driverlib.lib(pwm.o)
    0x00001e48   0x00000020   Code   RO         1195    i.PWMPulseWidthSet  driverlib.lib(pwm.o)
    0x00001e68   0x00000078   Code   RO           20    i.S800_GPIO_Init    main.o
    0x00001ee0   0x00000098   Code   RO           21    i.S800_I2C0_Init    main.o
    0x00001f78   0x0000008c   Code   RO           22    i.S800_PWM_Init     main.o
    0x00002004   0x00000078   Code   RO           23    i.S800_UART_Init    main.o
    0x0000207c   0x00000068   Code   RO           24    i.Seg7DisableAll    main.o
    0x000020e4   0x000000bc   Code   RO           25    i.Seg7DisplayBlocked  main.o
    0x000021a0   0x00000028   Code   RO           26    i.Seg7EnableAll     main.o
    0x000021c8   0x000000a4   Code   RO           27    i.StartProcess      main.o
    0x0000226c   0x00000076   Code   RO           28    i.StringToSeg7      main.o
    0x000022e2   0x00000002   PAD
    0x000022e4   0x000002ec   Code   RO         1397    i.SysCtlClockFreqSet  driverlib.lib(sysctl.o)
    0x000025d0   0x00000028   Code   RO         1429    i.SysCtlPeripheralEnable  driverlib.lib(sysctl.o)
    0x000025f8   0x0000002c   Code   RO         1433    i.SysCtlPeripheralReady  driverlib.lib(sysctl.o)
    0x00002624   0x0000000e   Code   RO         1744    i.SysTickEnable     driverlib.lib(systick.o)
    0x00002632   0x0000000e   Code   RO         1746    i.SysTickIntEnable  driverlib.lib(systick.o)
    0x00002640   0x0000000a   Code   RO         1750    i.SysTickPeriodSet  driverlib.lib(systick.o)
    0x0000264a   0x00000002   PAD
    0x0000264c   0x000000f4   Code   RO           29    i.SysTick_Handler   main.o
    0x00002740   0x00000020   Code   RO          330    i.SystemInit        system_tm4c129.o
    0x00002760   0x000000c8   Code   RO           30    i.UART0_Handler     main.o
    0x00002828   0x00000008   Code   RO         1811    i.UARTBusy          driverlib.lib(uart.o)
    0x00002830   0x00000010   Code   RO         1813    i.UARTCharGetNonBlocking  driverlib.lib(uart.o)
    0x00002840   0x0000000c   Code   RO         1814    i.UARTCharPut       driverlib.lib(uart.o)
    0x0000284c   0x0000000a   Code   RO         1816    i.UARTCharsAvail    driverlib.lib(uart.o)
    0x00002856   0x0000006e   Code   RO         1820    i.UARTConfigSetExpClk  driverlib.lib(uart.o)
    0x000028c4   0x00000004   Code   RO         1833    i.UARTIntClear      driverlib.lib(uart.o)
    0x000028c8   0x00000008   Code   RO         1835    i.UARTIntEnable     driverlib.lib(uart.o)
    0x000028d0   0x0000000a   Code   RO         1837    i.UARTIntStatus     driverlib.lib(uart.o)
    0x000028da   0x00000002   PAD
    0x000028dc   0x00000034   Code   RO           31    i.UARTStringPut     main.o
    0x00002910   0x0000000e   Code   RO         2137    i._is_digit         c_w.l(__printf_wp.o)
    0x0000291e   0x00000002   PAD
    0x00002920   0x00000044   Code   RO           33    i.formatDateTime    main.o
    0x00002964   0x00000050   Code   RO           35    i.getDaysInMonth    main.o
    0x000029b4   0x000005bc   Code   RO           36    i.handleCommand     main.o
    0x00002f70   0x00000064   Code   RO           37    i.main              main.o
    0x00002fd4   0x00000016   Code   RO           38    i.makeDateTime      main.o
    0x00002fea   0x00000022   Code   RO           40    i.to_upper          main.o
    0x0000300c   0x0000005e   Code   RO           41    i.updateTime        main.o
    0x0000306a   0x00000002   PAD
    0x0000306c   0x0000002c   Code   RO         2241    locale$$code        c_w.l(lc_ctype_c.o)
    0x00003098   0x0000000a   Code   RO         2307    x$fpl$fpinit        fz_wm.l(fpinit.o)
    0x000030a2   0x00000002   PAD
    0x000030a4   0x00000228   Data   RO          427    .constdata          driverlib.lib(gpio.o)
    0x000032cc   0x0000010c   Data   RO         1063    .constdata          driverlib.lib(interrupt.o)
    0x000033d8   0x00000254   Data   RO         1451    .constdata          driverlib.lib(sysctl.o)
    0x0000362c   0x00000011   Data   RO         2140    .constdata          c_w.l(__printf_flags_wp.o)
    0x0000363d   0x00000003   PAD
    0x00003640   0x00000020   Data   RO         2375    Region$$Table       anon$$obj.o
    0x00003660   0x00000110   Data   RO         2240    locale$$data        c_w.l(lc_ctype_c.o)


    Execution Region RW_IRAM1 (Base: 0x20000000, Size: 0x00000530, Max: 0x00040000, ABSOLUTE)

    Base Addr    Size         Type   Attr      Idx    E Section Name        Object

    0x20000000   0x000000b2   Data   RW           43    .data               main.o
    0x200000b2   0x00000002   PAD
    0x200000b4   0x00000004   Data   RW          331    .data               system_tm4c129.o
    0x200000b8   0x00000004   Data   RW         2158    .data               c_w.l(strtok.o)
    0x200000bc   0x00000210   Zero   RW           42    .bss                main.o
    0x200002cc   0x00000060   Zero   RW         2202    .bss                c_w.l(libspace.o)
    0x2000032c   0x00000004   PAD
    0x20000330   0x00000000   Zero   RW          319    HEAP                startup_tm4c129.o
    0x20000330   0x00000200   Zero   RW          318    STACK               startup_tm4c129.o


==============================================================================

Image component sizes


      Code (inc. data)   RO Data    RW Data    ZI Data      Debug   Object Name

      7212       1322          0        178        528      30555   main.o
       300         22        512          0        512       6036   startup_tm4c129.o
        32         12          0          4          0        711   system_tm4c129.o

    ----------------------------------------------------------------------
      7548       1356        544        184       1040      37302   Object Totals
         0          0         32          0          0          0   (incl. Generated)
         4          0          0          2          0          0   (incl. Padding)

    ----------------------------------------------------------------------

      Code (inc. data)   RO Data    RW Data    ZI Data      Debug   Library Member Name

         8          0          0          0          0         68   __main.o
       312          4         17          0          0         92   __printf_flags_wp.o
        14          0          0          0          0         68   __printf_wp.o
         0          0          0          0          0          0   __rtentry.o
        12          0          0          0          0          0   __rtentry2.o
         6          0          0          0          0          0   __rtentry4.o
        52          8          0          0          0          0   __scatter.o
        26          0          0          0          0          0   __scatter_copy.o
        28          0          0          0          0          0   __scatter_zi.o
        28          0          0          0          0         68   _chval.o
        48          6          0          0          0         96   _printf_char_common.o
         6          0          0          0          0          0   _printf_d.o
       120         16          0          0          0         92   _printf_dec.o
       178          0          0          0          0         88   _printf_intcommon.o
        78          0          0          0          0        108   _printf_pad.o
         0          0          0          0          0          0   _printf_percent.o
         4          0          0          0          0          0   _printf_percent_end.o
        16          0          0          0          0         68   _snputc.o
        10          0          0          0          0         68   _sputc.o
       158          0          0          0          0         92   _strtoul.o
        26          0          0          0          0         80   atoi.o
        18          0          0          0          0         80   exit.o
         6          0          0          0          0        152   heapauxi.o
         0          0          0          0          0          0   indicate_semi.o
        44         10        272          0          0         76   lc_ctype_c.o
         2          0          0          0          0          0   libinit.o
        24          0          0          0          0          0   libinit2.o
         2          0          0          0          0          0   libshutdown.o
         2          0          0          0          0          0   libshutdown2.o
         8          4          0          0         96         68   libspace.o
        52          4          0          0          0         84   noretval__2snprintf.o
        40          6          0          0          0         84   noretval__2sprintf.o
        16          4          0          0          0         76   rt_ctype_table.o
         8          4          0          0          0         68   rt_errno_addr_intlibspace.o
         8          4          0          0          0         68   rt_locale_intlibspace.o
        68          0          0          0          0         68   rt_memclr.o
        78          0          0          0          0         80   rt_memclr_w.o
         2          0          0          0          0          0   rtexit.o
        10          0          0          0          0          0   rtexit2.o
       128          0          0          0          0         68   strcmpv7m.o
        72          0          0          0          0         80   strcpy.o
        32          0          0          0          0         80   strcspn.o
        62          0          0          0          0         76   strlen.o
        86          0          0          0          0         76   strncpy.o
        28          0          0          0          0         80   strspn.o
        12          6          0          4          0         68   strtok.o
        68          4          0          0          0         84   strtok_int.o
       112          0          0          0          0         88   strtol.o
        12          4          0          0          0         68   sys_exit.o
        74          0          0          0          0         80   sys_stackheap_outer.o
         2          0          0          0          0         68   use_no_semi.o
        38          0          0          0          0        560   cpu.o
       594          8        552          0          0      10449   gpio.o
       162         12          0          0          0       5710   i2c.o
       154         12        268          0          0       2603   interrupt.o
       144          0          0          0          0       3885   pwm.o
       832         50        596          0          0       5390   sysctl.o
        38          0          0          0          0       1394   systick.o
       178          0          0          0          0       5321   uart.o
        10          0          0          0          0        116   fpinit.o

    ----------------------------------------------------------------------
      4392        166       1708          4        100      38236   Library Totals
        36          0          3          0          4          0   (incl. Padding)

    ----------------------------------------------------------------------

      Code (inc. data)   RO Data    RW Data    ZI Data      Debug   Library Name

      2206         84        289          4         96       2808   c_w.l
      2140         82       1416          0          0      35312   driverlib.lib
        10          0          0          0          0        116   fz_wm.l

    ----------------------------------------------------------------------
      4392        166       1708          4        100      38236   Library Totals

    ----------------------------------------------------------------------

==============================================================================


      Code (inc. data)   RO Data    RW Data    ZI Data      Debug   

     11940       1522       2252        188       1140      66426   Grand Totals
     11940       1522       2252        188       1140      66426   ELF Image Totals
     11940       1522       2252        188          0          0   ROM Totals

==============================================================================

    Total RO  Size (Code + RO Data)                14192 (  13.86kB)
    Total RW  Size (RW Data + ZI Data)              1328 (   1.30kB)
    Total ROM Size (Code + RO Data + RW Data)      14380 (  14.04kB)

==============================================================================

